<html>
<body>
<pre>
<h1>µVision Build Log</h1>
<h2>Project:</h2>
S:\COE718\Final Project\Working Project\MAIN.uvproj
Project File Date:  11/28/2017

<h2>Output:</h2>
Rebuild target 'LPC1768'
assembling startup_LPC17xx.s...
compiling system_LPC17xx.c...
compiling core_cm3.c...
compiling MAIN.c...
KBD.h(27): warning:  #1-D: last line of file ends without a newline
  #endif 
MAIN.c(64): warning:  #1295-D: Deprecated declaration square - give arg types
  void square();
MAIN.c(65): warning:  #1295-D: Deprecated declaration linefull - give arg types
  void linefull();
MAIN.c(66): warning:  #1295-D: Deprecated declaration ChangeImage - give arg types
  void ChangeImage();
MAIN.c(146): warning:  #177-D: variable "k" was declared but never referenced
  long k, count=0;
MAIN.c(146): warning:  #177-D: variable "count" was declared but never referenced
  long k, count=0;
MAIN.c(147): warning:  #177-D: variable "delayint" was declared but never referenced
  int delayint=0;
MAIN.c(148): warning:  #550-D: variable "exit" was set but never used
  bool exit=false;    
MAIN.c: 8 warnings, 0 errors
compiling IRQ.c...
compiling GLCD_SPI_LPC1700.c...
compiling LED.c...
compiling KBD.c...
KBD.h(27): warning:  #1-D: last line of file ends without a newline
  #endif 
KBD.c: 1 warning, 0 errors
compiling image0.c...
compiling image1.c...
compiling image2.c...
compiling image3.c...
compiling NEON_BLUE.c...
compiling NEON_RED.c...
compiling NEON_YELLOW.c...
compiling NEON_GREEN.c...
compiling BACK.c...
compiling BACK_GREY.c...
compiling BACK_GREY1.c...
compiling BLOCK_WHITE.c...
compiling BLUE_BLOCK.c...
compiling GREEN_BLOCK.c...
compiling RED_BLOCK.c...
compiling tetrislogo.c...
compiling YELLOW_BLOCK.c...
compiling adcuser.c...
compiling usbcore.c...
compiling usbdesc.c...
compiling usbdmain.c...
USBAudio\usbdmain.c(121): warning:  #223-D: function "get_button" declared implicitly
                if(get_button() == KBD_SELECT){
USBAudio\usbdmain.c: 1 warning, 0 errors
compiling usbhw.c...
compiling usbuser.c...
linking...
Program Size: Code=17160 RO-data=486864 RW-data=164 ZI-data=3012  
".\MAIN.axf" - 0 Error(s), 10 Warning(s).
Load "S:\\COE718\\Final Project\\Working Project\\MAIN.axf" 
Erase Done.
Programming Done.
Verify OK.
</pre>
</body>
</html>
