ARM Linker, 5.03 [Build 76] [MDK-ARM Professional]

==============================================================================

Section Cross References

    startup_lpc17xx.o(STACK) refers (Special) to heapauxi.o(.text) for __use_two_region_memory
    startup_lpc17xx.o(HEAP) refers (Special) to heapauxi.o(.text) for __use_two_region_memory
    startup_lpc17xx.o(RESET) refers (Special) to heapauxi.o(.text) for __use_two_region_memory
    startup_lpc17xx.o(RESET) refers to startup_lpc17xx.o(STACK) for __initial_sp
    startup_lpc17xx.o(RESET) refers to startup_lpc17xx.o(.text) for Reset_Handler
    startup_lpc17xx.o(RESET) refers to irq.o(.text) for SysTick_Handler
    startup_lpc17xx.o(RESET) refers to usbdmain.o(.text) for TIMER0_IRQHandler
    startup_lpc17xx.o(RESET) refers to usbhw.o(.text) for USB_IRQHandler
    startup_lpc17xx.o(.ARM.__at_0x02FC) refers (Special) to heapauxi.o(.text) for __use_two_region_memory
    startup_lpc17xx.o(.text) refers (Special) to heapauxi.o(.text) for __use_two_region_memory
    startup_lpc17xx.o(.text) refers to system_lpc17xx.o(.text) for SystemInit
    startup_lpc17xx.o(.text) refers to __main.o(!!!main) for __main
    startup_lpc17xx.o(.text) refers to startup_lpc17xx.o(HEAP) for Heap_Mem
    startup_lpc17xx.o(.text) refers to startup_lpc17xx.o(STACK) for Stack_Mem
    system_lpc17xx.o(.text) refers to lludivv7m.o(.text) for __aeabi_uldivmod
    system_lpc17xx.o(.text) refers to system_lpc17xx.o(.data) for SystemCoreClock
    project_fcbarcelona.o(.text) refers to _printf_percent.o(.ARM.Collect$$_printf_percent$$00000000) for _printf_percent
    project_fcbarcelona.o(.text) refers to _printf_d.o(.ARM.Collect$$_printf_percent$$00000009) for _printf_d
    project_fcbarcelona.o(.text) refers to _printf_dec.o(.text) for _printf_int_dec
    project_fcbarcelona.o(.text) refers to glcd_spi_lpc1700.o(.text) for GLCD_Bitmap
    project_fcbarcelona.o(.text) refers to kbd.o(.text) for get_button
    project_fcbarcelona.o(.text) refers to project_fcbarcelona.o(.bss) for grid
    project_fcbarcelona.o(.text) refers to tetrislogo.o(.constdata) for TETRISLOGO_pixel_data
    project_fcbarcelona.o(.text) refers to back_grey.o(.constdata) for BACK_GREY_pixel_data
    project_fcbarcelona.o(.text) refers to project_fcbarcelona.o(.data) for NEON
    project_fcbarcelona.o(.text) refers to neon_green.o(.constdata) for NEON_GREEN_pixel_data
    project_fcbarcelona.o(.text) refers to green_block.o(.constdata) for GREEN_BLOCK_pixel_data
    project_fcbarcelona.o(.text) refers to neon_blue.o(.constdata) for NEON_BLUE_pixel_data
    project_fcbarcelona.o(.text) refers to blue_block.o(.constdata) for BLUE_BLOCK_pixel_data
    project_fcbarcelona.o(.text) refers to neon_red.o(.constdata) for NEON_RED_pixel_data
    project_fcbarcelona.o(.text) refers to red_block.o(.constdata) for RED_BLOCK_pixel_data
    project_fcbarcelona.o(.text) refers to neon_yellow.o(.constdata) for NEON_YELLOW_pixel_data
    project_fcbarcelona.o(.text) refers to yellow_block.o(.constdata) for YELLOW_BLOCK_pixel_data
    project_fcbarcelona.o(.text) refers to block_white.o(.constdata) for BLOCK_WHITE_pixel_data
    project_fcbarcelona.o(.text) refers to noretval__2sprintf.o(.text) for __2sprintf
    project_fcbarcelona.o(.text) refers to rand.o(.emb_text) for rand
    project_fcbarcelona.o(.text) refers to usbdmain.o(.text) for play_music
    project_fcbarcelona.o(.text) refers to usbhw.o(.text) for USB_Connect
    project_fcbarcelona.o(.text) refers to image0.o(.constdata) for IMAGE0_pixel_data
    project_fcbarcelona.o(.text) refers to led.o(.text) for LED_Init
    irq.o(.text) refers to irq.o(.data) for ticks
    glcd_spi_lpc1700.o(.text) refers to glcd_spi_lpc1700.o(.data) for Himax
    glcd_spi_lpc1700.o(.text) refers to glcd_spi_lpc1700.o(.constdata) for Font_6x8_h
    led.o(.text) refers to led.o(.constdata) for led_mask
    adcuser.o(.text) refers to usbcore.o(.data) for SetupPacket
    adcuser.o(.text) refers to usbdmain.o(.data) for Mute
    adcuser.o(.text) refers to usbcore.o(.bss) for EP0Buf
    adcuser.o(.text) refers to adcuser.o(.data) for VolCur
    usbdmain.o(.text) refers to kbd.o(.text) for get_button
    usbdmain.o(.text) refers to usbhw.o(.text) for USB_Connect
    usbdmain.o(.text) refers to system_lpc17xx.o(.text) for SystemClockUpdate
    usbdmain.o(.text) refers to usbdmain.o(.data) for PotVal
    usbdmain.o(.text) refers to adcuser.o(.data) for VolCur
    usbdmain.o(.text) refers to system_lpc17xx.o(.data) for SystemFrequency
    usbuser.o(.text) refers to usbcore.o(.text) for USB_ResetCore
    usbuser.o(.text) refers to usbhw.o(.text) for USB_DMA_BufAdr
    usbuser.o(.text) refers to usbdmain.o(.data) for DataBuf
    usbuser.o(.constdata) refers to usbcore.o(.text) for USB_EndPoint0
    usbuser.o(.constdata) refers to usbuser.o(.text) for USB_EndPoint3
    usbcore.o(.text) refers to usbhw.o(.text) for USB_ReadEP
[...]
    usbhw.o(.text) refers to usbuser.o(.constdata) for USB_P_EP
    __2sprintf.o(.text) refers to _printf_char_common.o(.text) for _printf_char_common
    __2sprintf.o(.text) refers to _sputc.o(.text) for _sputc
    noretval__2sprintf.o(.text) refers to _printf_char_common.o(.text) for _printf_char_common
    noretval__2sprintf.o(.text) refers to _sputc.o(.text) for _sputc
    __printf.o(.text) refers to _printf_percent.o(.ARM.Collect$$_printf_percent$$00000000) for _printf_percent
    _printf_dec.o(.text) refers to _printf_intcommon.o(.text) for _printf_int_common
    __printf_flags.o(.text) refers to _printf_percent.o(.ARM.Collect$$_printf_percent$$00000000) for _printf_percent
    __printf_flags.o(.text) refers to __printf_flags.o(.constdata) for .constdata
    __printf_ss.o(.text) refers to _printf_percent.o(.ARM.Collect$$_printf_percent$$00000000) for _printf_percent
    __printf_flags_ss.o(.text) refers to _printf_percent.o(.ARM.Collect$$_printf_percent$$00000000) for _printf_percent
    __printf_flags_ss.o(.text) refers to __printf_flags_ss.o(.constdata) for .constdata
    __printf_wp.o(.text) refers to __printf_wp.o(i._is_digit) for _is_digit
    __printf_wp.o(.text) refers to _printf_percent.o(.ARM.Collect$$_printf_percent$$00000000) for _printf_percent
    __printf_flags_wp.o(.text) refers to __printf_wp.o(i._is_digit) for _is_digit
    __printf_flags_wp.o(.text) refers to _printf_percent.o(.ARM.Collect$$_printf_percent$$00000000) for _printf_percent
    __printf_flags_wp.o(.text) refers to __printf_flags_wp.o(.constdata) for .constdata
    __printf_ss_wp.o(.text) refers to __printf_wp.o(i._is_digit) for _is_digit
    __printf_ss_wp.o(.text) refers to _printf_percent.o(.ARM.Collect$$_printf_percent$$00000000) for _printf_percent
    __printf_flags_ss_wp.o(.text) refers to __printf_wp.o(i._is_digit) for _is_digit
    __printf_flags_ss_wp.o(.text) refers to _printf_percent.o(.ARM.Collect$$_printf_percent$$00000000) for _printf_percent
    __printf_flags_ss_wp.o(.text) refers to __printf_flags_ss_wp.o(.constdata) for .constdata
    _printf_d.o(.ARM.Collect$$_printf_percent$$00000009) refers (Weak) to _printf_dec.o(.text) for _printf_int_dec
    _printf_percent.o(.ARM.Collect$$_printf_percent$$00000000) refers (Special) to _printf_percent_end.o(.ARM.Collect$$_printf_percent$$00000017) for _printf_percent_end
    rand.o(.emb_text) refers (Special) to libinit2.o(.ARM.Collect$$libinit$$0000000B) for __rt_lib_init_rand_2
    rand.o(.emb_text) refers to rand.o(.text) for _rand_init
    rand.o(.emb_text) refers to rand.o(.bss) for _random_number_data
    rand.o(.text) refers (Special) to libinit2.o(.ARM.Collect$$libinit$$0000000B) for __rt_lib_init_rand_2
    rand.o(.text) refers to rand.o(.bss) for .bss
    rand.o(.bss) refers (Special) to libinit2.o(.ARM.Collect$$libinit$$0000000B) for __rt_lib_init_rand_2
    __main.o(!!!main) refers to rtentry.o(.ARM.Collect$$rtentry$$00000000) for __rt_entry
    rtentry.o(.ARM.Collect$$rtentry$$00000000) refers (Special) to rtentry2.o(.ARM.Collect$$rtentry$$0000000A) for __rt_entry_li
    rtentry.o(.ARM.Collect$$rtentry$$00000000) refers (Special) to rtentry2.o(.ARM.Collect$$rtentry$$0000000D) for __rt_entry_main
    rtentry.o(.ARM.Collect$$rtentry$$00000000) refers (Special) to rtentry2.o(.ARM.Collect$$rtentry$$0000000C) for __rt_entry_postli_1
    rtentry.o(.ARM.Collect$$rtentry$$00000000) refers (Special) to rtentry2.o(.ARM.Collect$$rtentry$$00000009) for __rt_entry_postsh_1
    rtentry.o(.ARM.Collect$$rtentry$$00000000) refers (Special) to rtentry2.o(.ARM.Collect$$rtentry$$00000002) for __rt_entry_presh_1
    rtentry.o(.ARM.Collect$$rtentry$$00000000) refers (Special) to rtentry4.o(.ARM.Collect$$rtentry$$00000004) for __rt_entry_sh
    aeabi_ldiv0_sigfpe.o(.text) refers to rt_div0.o(.text) for __rt_div0
    _printf_char_common.o(.text) refers to __printf.o(.text) for __printf
    libinit2.o(.ARM.Collect$$libinit$$0000000B) refers (Weak) to rand.o(.text) for _rand_init
    libinit2.o(.ARM.Collect$$libinit$$0000000E) refers to libinit2.o(.ARM.Collect$$libinit$$0000000D) for .ARM.Collect$$libinit$$0000000D
    libinit2.o(.ARM.Collect$$libinit$$00000010) refers to libinit2.o(.ARM.Collect$$libinit$$0000000D) for .ARM.Collect$$libinit$$0000000D
    libinit2.o(.ARM.Collect$$libinit$$00000012) refers to libinit2.o(.ARM.Collect$$libinit$$0000000D) for .ARM.Collect$$libinit$$0000000D
    libinit2.o(.ARM.Collect$$libinit$$00000014) refers to libinit2.o(.ARM.Collect$$libinit$$0000000D) for .ARM.Collect$$libinit$$0000000D
    libinit2.o(.ARM.Collect$$libinit$$00000016) refers to libinit2.o(.ARM.Collect$$libinit$$0000000D) for .ARM.Collect$$libinit$$0000000D
    libinit2.o(.ARM.Collect$$libinit$$00000024) refers to argv_veneer.o(.emb_text) for __ARM_argv_veneer
    libinit2.o(.ARM.Collect$$libinit$$00000025) refers to argv_veneer.o(.emb_text) for __ARM_argv_veneer
    rtentry2.o(.ARM.Collect$$rtentry$$00000008) refers to boardinit2.o(.text) for _platform_post_stackheap_init
    rtentry2.o(.ARM.Collect$$rtentry$$0000000A) refers to libinit.o(.ARM.Collect$$libinit$$00000000) for __rt_lib_init
    rtentry2.o(.ARM.Collect$$rtentry$$0000000B) refers to boardinit3.o(.text) for _platform_post_lib_init
    rtentry2.o(.ARM.Collect$$rtentry$$0000000D) refers to project_fcbarcelona.o(.text) for main
    rtentry2.o(.ARM.Collect$$rtentry$$0000000D) refers to exit.o(.text) for exit
    rtentry2.o(.ARM.exidx) refers to rtentry2.o(.ARM.Collect$$rtentry$$00000001) for .ARM.Collect$$rtentry$$00000001
    rtentry2.o(.ARM.exidx) refers to rtentry2.o(.ARM.Collect$$rtentry$$00000008) for .ARM.Collect$$rtentry$$00000008
    rtentry2.o(.ARM.exidx) refers to rtentry2.o(.ARM.Collect$$rtentry$$0000000A) for .ARM.Collect$$rtentry$$0000000A
    rtentry2.o(.ARM.exidx) refers to rtentry2.o(.ARM.Collect$$rtentry$$0000000B) for .ARM.Collect$$rtentry$$0000000B
    rtentry2.o(.ARM.exidx) refers to rtentry2.o(.ARM.Collect$$rtentry$$0000000D) for .ARM.Collect$$rtentry$$0000000D
    rtentry4.o(.ARM.Collect$$rtentry$$00000004) refers to sys_stackheap_outer.o(.text) for __user_setup_stackheap
    rtentry4.o(.ARM.exidx) refers to rtentry4.o(.ARM.Collect$$rtentry$$00000004) for .ARM.Collect$$rtentry$$00000004
    rt_div0.o(.text) refers to defsig_fpe_outer.o(.text) for __rt_SIGFPE
    argv_veneer.o(.emb_text) refers to no_argv.o(.text) for __ARM_get_argv
    sys_stackheap_outer.o(.text) refers to libspace.o(.text) for __user_perproc_libspace
    sys_stackheap_outer.o(.text) refers to startup_lpc17xx.o(.text) for __user_initial_stackheap
    exit.o(.text) refers to rtexit.o(.ARM.Collect$$rtexit$$00000000) for __rt_exit
    defsig_fpe_outer.o(.text) refers to defsig_fpe_inner.o(.text) for __rt_SIGFPE_inner
    defsig_fpe_outer.o(.text) refers to defsig_exit.o(.text) for __sig_exit
    defsig_fpe_formal.o(.text) refers to rt_raise.o(.text) for __rt_raise
    _get_argv_nomalloc.o(.text) refers (Special) to hrguard.o(.text) for __heap_region$guard
    _get_argv_nomalloc.o(.text) refers to defsig_rtmem_outer.o(.text) for __rt_SIGRTMEM
    _get_argv_nomalloc.o(.text) refers to sys_command.o(.text) for _sys_command_string
    libinit.o(.ARM.Collect$$libinit$$00000000) refers (Special) to libinit2.o(.ARM.Collect$$libinit$$0000002C) for __rt_lib_init_alloca_1
    libinit.o(.ARM.Collect$$libinit$$00000000) refers (Special) to libinit2.o(.ARM.Collect$$libinit$$0000002A) for __rt_lib_init_argv_1
    libinit.o(.ARM.Collect$$libinit$$00000000) refers (Special) to libinit2.o(.ARM.Collect$$libinit$$00000019) for __rt_lib_init_atexit_1
    libinit.o(.ARM.Collect$$libinit$$00000000) refers (Special) to libinit2.o(.ARM.Collect$$libinit$$0000001F) for __rt_lib_init_clock_1
    libinit.o(.ARM.Collect$$libinit$$00000000) refers (Special) to libinit2.o(.ARM.Collect$$libinit$$00000030) for __rt_lib_init_cpp_1
    libinit.o(.ARM.Collect$$libinit$$00000000) refers (Special) to libinit2.o(.ARM.Collect$$libinit$$0000002E) for __rt_lib_init_exceptions_1
    libinit.o(.ARM.Collect$$libinit$$00000000) refers (Special) to libinit2.o(.ARM.Collect$$libinit$$00000002) for __rt_lib_init_fp_1
    libinit.o(.ARM.Collect$$libinit$$00000000) refers (Special) to libinit2.o(.ARM.Collect$$libinit$$0000001D) for __rt_lib_init_fp_trap_1
    libinit.o(.ARM.Collect$$libinit$$00000000) refers (Special) to libinit2.o(.ARM.Collect$$libinit$$00000021) for __rt_lib_init_getenv_1
    libinit.o(.ARM.Collect$$libinit$$00000000) refers (Special) to libinit2.o(.ARM.Collect$$libinit$$00000008) for __rt_lib_init_heap_1
    libinit.o(.ARM.Collect$$libinit$$00000000) refers (Special) to libinit2.o(.ARM.Collect$$libinit$$0000000F) for __rt_lib_init_lc_collate_1
    libinit.o(.ARM.Collect$$libinit$$00000000) refers (Special) to libinit2.o(.ARM.Collect$$libinit$$00000011) for __rt_lib_init_lc_ctype_1
    libinit.o(.ARM.Collect$$libinit$$00000000) refers (Special) to libinit2.o(.ARM.Collect$$libinit$$00000013) for __rt_lib_init_lc_monetary_1
    libinit.o(.ARM.Collect$$libinit$$00000000) refers (Special) to libinit2.o(.ARM.Collect$$libinit$$00000015) for __rt_lib_init_lc_numeric_1
    libinit.o(.ARM.Collect$$libinit$$00000000) refers (Special) to libinit2.o(.ARM.Collect$$libinit$$00000017) for __rt_lib_init_lc_time_1
    libinit.o(.ARM.Collect$$libinit$$00000000) refers (Special) to libinit2.o(.ARM.Collect$$libinit$$0000000C) for __rt_lib_init_rand_1
    libinit.o(.ARM.Collect$$libinit$$00000000) refers (Special) to libinit2.o(.ARM.Collect$$libinit$$00000031) for __rt_lib_init_return
    libinit.o(.ARM.Collect$$libinit$$00000000) refers (Special) to libinit2.o(.ARM.Collect$$libinit$$0000001B) for __rt_lib_init_signal_1
    libinit.o(.ARM.Collect$$libinit$$00000000) refers (Special) to libinit2.o(.ARM.Collect$$libinit$$00000023) for __rt_lib_init_stdio_1
    libinit.o(.ARM.Collect$$libinit$$00000000) refers (Special) to libinit2.o(.ARM.Collect$$libinit$$0000000A) for __rt_lib_init_user_alloc_1
    sys_command.o(.text) refers (Special) to use_no_semi.o(.text) for __I$use$semihosting
    sys_command.o(.text) refers (Special) to indicate_semi.o(.text) for __semihosting_library_function
    libspace.o(.text) refers to libspace.o(.bss) for __libspace_start
    rtexit.o(.ARM.Collect$$rtexit$$00000000) refers (Special) to rtexit2.o(.ARM.Collect$$rtexit$$00000004) for __rt_exit_exit
    rtexit.o(.ARM.Collect$$rtexit$$00000000) refers (Special) to rtexit2.o(.ARM.Collect$$rtexit$$00000003) for __rt_exit_ls
    rtexit.o(.ARM.Collect$$rtexit$$00000000) refers (Special) to rtexit2.o(.ARM.Collect$$rtexit$$00000002) for __rt_exit_prels_1
    rtexit.o(.ARM.exidx) refers (Special) to rtexit2.o(.ARM.Collect$$rtexit$$00000004) for __rt_exit_exit
    rtexit.o(.ARM.exidx) refers (Special) to rtexit2.o(.ARM.Collect$$rtexit$$00000003) for __rt_exit_ls
    rtexit.o(.ARM.exidx) refers (Special) to rtexit2.o(.ARM.Collect$$rtexit$$00000002) for __rt_exit_prels_1
    rtexit.o(.ARM.exidx) refers to rtexit.o(.ARM.Collect$$rtexit$$00000000) for .ARM.Collect$$rtexit$$00000000
    rt_raise.o(.text) refers to __raise.o(.text) for __raise
    rt_raise.o(.text) refers to sys_exit.o(.text) for _sys_exit
    defsig_exit.o(.text) refers to sys_exit.o(.text) for _sys_exit
    defsig_fpe_inner.o(.text) refers to defsig_general.o(.text) for __default_signal_display
    defsig_rtmem_outer.o(.text) refers to defsig_rtmem_inner.o(.text) for __rt_SIGRTMEM_inner
    defsig_rtmem_outer.o(.text) refers to defsig_exit.o(.text) for __sig_exit
    defsig_rtmem_formal.o(.text) refers to rt_raise.o(.text) for __rt_raise
    sys_exit.o(.text) refers (Special) to use_no_semi.o(.text) for __I$use$semihosting
    sys_exit.o(.text) refers (Special) to indicate_semi.o(.text) for __semihosting_library_function
    rtexit2.o(.ARM.Collect$$rtexit$$00000003) refers to libshutdown.o(.ARM.Collect$$libshutdown$$00000000) for __rt_lib_shutdown
    rtexit2.o(.ARM.Collect$$rtexit$$00000004) refers to sys_exit.o(.text) for _sys_exit
    rtexit2.o(.ARM.exidx) refers to rtexit2.o(.ARM.Collect$$rtexit$$00000001) for .ARM.Collect$$rtexit$$00000001
    rtexit2.o(.ARM.exidx) refers to rtexit2.o(.ARM.Collect$$rtexit$$00000003) for .ARM.Collect$$rtexit$$00000003
    rtexit2.o(.ARM.exidx) refers to rtexit2.o(.ARM.Collect$$rtexit$$00000004) for .ARM.Collect$$rtexit$$00000004
    __raise.o(.text) refers to defsig.o(CL$$defsig) for __default_signal_handler
    defsig_general.o(.text) refers to sys_wrch.o(.text) for _ttywrch
    defsig_rtmem_inner.o(.text) refers to defsig_general.o(.text) for __default_signal_display
    sys_wrch.o(.text) refers (Special) to use_no_semi.o(.text) for __I$use$semihosting
    sys_wrch.o(.text) refers (Special) to indicate_semi.o(.text) for __semihosting_library_function
    defsig.o(CL$$defsig) refers to defsig_fpe_inner.o(.text) for __rt_SIGFPE_inner
    defsig.o(CL$$defsig) refers to defsig_rtmem_inner.o(.text) for __rt_SIGRTMEM_inner
    libshutdown.o(.ARM.Collect$$libshutdown$$00000000) refers (Special) to libshutdown2.o(.ARM.Collect$$libshutdown$$00000006) for __rt_lib_shutdown_fp_trap_1
    libshutdown.o(.ARM.Collect$$libshutdown$$00000000) refers (Special) to libshutdown2.o(.ARM.Collect$$libshutdown$$0000000E) for __rt_lib_shutdown_heap_1
    libshutdown.o(.ARM.Collect$$libshutdown$$00000000) refers (Special) to libshutdown2.o(.ARM.Collect$$libshutdown$$0000000F) for __rt_lib_shutdown_return
    libshutdown.o(.ARM.Collect$$libshutdown$$00000000) refers (Special) to libshutdown2.o(.ARM.Collect$$libshutdown$$00000009) for __rt_lib_shutdown_signal_1
    libshutdown.o(.ARM.Collect$$libshutdown$$00000000) refers (Special) to libshutdown2.o(.ARM.Collect$$libshutdown$$00000003) for __rt_lib_shutdown_stdio_1
    libshutdown.o(.ARM.Collect$$libshutdown$$00000000) refers (Special) to libshutdown2.o(.ARM.Collect$$libshutdown$$0000000B) for __rt_lib_shutdown_user_alloc_1
    defsig_abrt_inner.o(.text) refers to defsig_general.o(.text) for __default_signal_display
    defsig_rtred_inner.o(.text) refers to defsig_general.o(.text) for __default_signal_display
    defsig_stak_inner.o(.text) refers to defsig_general.o(.text) for __default_signal_display
    defsig_pvfn_inner.o(.text) refers to defsig_general.o(.text) for __default_signal_display
    defsig_cppl_inner.o(.text) refers to defsig_general.o(.text) for __default_signal_display
    defsig_segv_inner.o(.text) refers to defsig_general.o(.text) for __default_signal_display
    defsig_other.o(.text) refers to defsig_general.o(.text) for __default_signal_display
    usbcore.o(i.USB_ReqGetStatus) refers to usbcore.o(.data) for SetupPacket
    usbcore.o(i.USB_ReqGetStatus) refers to usbcore.o(.bss) for EP0Buf
    usbcore.o(i.USB_ReqSetClrFeature) refers to usbhw.o(.text) for USB_WakeUpCfg
    usbcore.o(i.USB_ReqSetClrFeature) refers to usbcore.o(.data) for SetupPacket
    usbcore.o(i.USB_ReqGetDescriptor) refers to usbcore.o(.data) for SetupPacket
    usbcore.o(i.USB_ReqGetDescriptor) refers to usbdesc.o(.constdata) for USB_DeviceDescriptor
    usbcore.o(i.USB_ReqSetConfiguration) refers to usbhw.o(.text) for USB_DisableEP
    usbcore.o(i.USB_ReqSetConfiguration) refers to usbcore.o(.data) for SetupPacket
    usbcore.o(i.USB_ReqSetConfiguration) refers to usbdesc.o(.constdata) for USB_ConfigDescriptor
    usbcore.o(i.USB_ReqSetInterface) refers to usbhw.o(.text) for USB_ConfigEP
    usbcore.o(i.USB_ReqSetInterface) refers to usbcore.o(.data) for SetupPacket
    usbcore.o(i.USB_ReqSetInterface) refers to usbdesc.o(.constdata) for USB_ConfigDescriptor


==============================================================================

Removing Unused input sections from the image.

    Removing system_lpc17xx.o(.rev16_text), (4 bytes).
    Removing system_lpc17xx.o(.revsh_text), (4 bytes).
    Removing core_cm3.o(.emb_text), (32 bytes).
    Removing project_fcbarcelona.o(.rev16_text), (4 bytes).
    Removing project_fcbarcelona.o(.revsh_text), (4 bytes).
    Removing glcd_spi_lpc1700.o(.rev16_text), (4 bytes).
    Removing glcd_spi_lpc1700.o(.revsh_text), (4 bytes).
    Removing led.o(.rev16_text), (4 bytes).
    Removing led.o(.revsh_text), (4 bytes).
    Removing kbd.o(.rev16_text), (4 bytes).
    Removing kbd.o(.revsh_text), (4 bytes).
    Removing kbd.o(.data), (4 bytes).
    Removing image1.o(.constdata), (97201 bytes).
    Removing image2.o(.constdata), (97201 bytes).
    Removing image3.o(.constdata), (97201 bytes).
    Removing back_grey1.o(.constdata), (769 bytes).
    Removing back.o(.constdata), (769 bytes).
    Removing adcuser.o(.constdata), (6 bytes).
    Removing usbdmain.o(.rev16_text), (4 bytes).
    Removing usbdmain.o(.revsh_text), (4 bytes).
    Removing usbhw.o(.rev16_text), (4 bytes).
    Removing usbhw.o(.revsh_text), (4 bytes).

22 unused section(s) (total 293239 bytes) removed from the image.

==============================================================================

Image Symbol Table

    Local Symbols

    Symbol Name                              Value     Ov Type        Size  Object(Section)

    RESET                                    0x00000000   Section      204  startup_lpc17xx.o(RESET)
    ../clib/angel/boardlib.s                 0x00000000   Number         0  boardinit1.o ABSOLUTE
    ../clib/angel/boardlib.s                 0x00000000   Number         0  boardinit2.o ABSOLUTE
    ../clib/angel/boardlib.s                 0x00000000   Number         0  boardinit3.o ABSOLUTE
    ../clib/angel/boardlib.s                 0x00000000   Number         0  boardshut.o ABSOLUTE
    ../clib/angel/handlers.s                 0x00000000   Number         0  __scatter_copy.o ABSOLUTE
    ../clib/angel/handlers.s                 0x00000000   Number         0  __scatter_zi.o ABSOLUTE
    ../clib/angel/kernel.s                   0x00000000   Number         0  rtentry.o ABSOLUTE
    ../clib/angel/kernel.s                   0x00000000   Number         0  rtexit2.o ABSOLUTE
    ../clib/angel/kernel.s                   0x00000000   Number         0  rtentry4.o ABSOLUTE
    ../clib/angel/kernel.s                   0x00000000   Number         0  rtexit.o ABSOLUTE
    ../clib/angel/kernel.s                   0x00000000   Number         0  rtentry2.o ABSOLUTE
    ../clib/angel/rt.s                       0x00000000   Number         0  aeabi_ldiv0.o ABSOLUTE
    ../clib/angel/rt.s                       0x00000000   Number         0  rt_raise.o ABSOLUTE
    ../clib/angel/rt.s                       0x00000000   Number         0  aeabi_ldiv0_sigfpe.o ABSOLUTE
    ../clib/angel/rt.s                       0x00000000   Number         0  rt_div0.o ABSOLUTE
    ../clib/angel/scatter.s                  0x00000000   Number         0  __scatter.o ABSOLUTE
    ../clib/angel/startup.s                  0x00000000   Number         0  __main.o ABSOLUTE
    ../clib/angel/sys.s                      0x00000000   Number         0  indicate_semi.o ABSOLUTE
    ../clib/angel/sys.s                      0x00000000   Number         0  use_no_semi.o ABSOLUTE
    ../clib/angel/sys.s                      0x00000000   Number         0  libspace.o ABSOLUTE
    ../clib/angel/sys.s                      0x00000000   Number         0  sys_stackheap_outer.o ABSOLUTE
    ../clib/angel/sysapp.c                   0x00000000   Number         0  sys_wrch.o ABSOLUTE
    ../clib/angel/sysapp.c                   0x00000000   Number         0  sys_exit.o ABSOLUTE
    ../clib/angel/sysapp.c                   0x00000000   Number         0  sys_command.o ABSOLUTE
    ../clib/armsys.c                         0x00000000   Number         0  argv_veneer.o ABSOLUTE
    ../clib/armsys.c                         0x00000000   Number         0  argv_veneer.o ABSOLUTE
    ../clib/armsys.c                         0x00000000   Number         0  _get_argv_nomalloc.o ABSOLUTE
    ../clib/armsys.c                         0x00000000   Number         0  no_argv.o ABSOLUTE
    ../clib/heapalloc.c                      0x00000000   Number         0  hrguard.o ABSOLUTE
    ../clib/heapaux.c                        0x00000000   Number         0  heapauxi.o ABSOLUTE
    ../clib/libinit.s                        0x00000000   Number         0  libshutdown2.o ABSOLUTE
    ../clib/libinit.s                        0x00000000   Number         0  libshutdown.o ABSOLUTE
    ../clib/libinit.s                        0x00000000   Number         0  libinit.o ABSOLUTE
    ../clib/libinit.s                        0x00000000   Number         0  libinit2.o ABSOLUTE
    ../clib/longlong.s                       0x00000000   Number         0  lludivv7m.o ABSOLUTE
    ../clib/printf.c                         0x00000000   Number         0  _printf_dec.o ABSOLUTE
    ../clib/printf.c                         0x00000000   Number         0  __printf_flags_wp.o ABSOLUTE
    ../clib/printf.c                         0x00000000   Number         0  __printf.o ABSOLUTE
    ../clib/printf.c                         0x00000000   Number         0  noretval__2sprintf.o ABSOLUTE
    ../clib/printf.c                         0x00000000   Number         0  __2sprintf.o ABSOLUTE
    ../clib/printf.c                         0x00000000   Number         0  __printf_flags_ss_wp.o ABSOLUTE
    ../clib/printf.c                         0x00000000   Number         0  __printf_wp.o ABSOLUTE
    ../clib/printf.c                         0x00000000   Number         0  __printf_flags_ss.o ABSOLUTE
    ../clib/printf.c                         0x00000000   Number         0  __printf_nopercent.o ABSOLUTE
    ../clib/printf.c                         0x00000000   Number         0  __printf_ss.o ABSOLUTE
    ../clib/printf.c                         0x00000000   Number         0  __printf_flags.o ABSOLUTE
    ../clib/printf.c                         0x00000000   Number         0  __printf_ss_wp.o ABSOLUTE
    ../clib/printf.c                         0x00000000   Number         0  _sputc.o ABSOLUTE
    ../clib/printf.c                         0x00000000   Number         0  _printf_char_common.o ABSOLUTE
    ../clib/printf.c                         0x00000000   Number         0  _printf_intcommon.o ABSOLUTE
    ../clib/printf_percent.s                 0x00000000   Number         0  _printf_d.o ABSOLUTE
    ../clib/printf_percent.s                 0x00000000   Number         0  _printf_percent.o ABSOLUTE
    ../clib/printf_percent.s                 0x00000000   Number         0  _printf_percent_end.o ABSOLUTE
    ../clib/signal.c                         0x00000000   Number         0  __raise.o ABSOLUTE
    ../clib/signal.c                         0x00000000   Number         0  defsig_rtmem_formal.o ABSOLUTE
    ../clib/signal.c                         0x00000000   Number         0  defsig_fpe_inner.o ABSOLUTE
    ../clib/signal.c                         0x00000000   Number         0  defsig_exit.o ABSOLUTE
    ../clib/signal.c                         0x00000000   Number         0  defsig_fpe_formal.o ABSOLUTE
    ../clib/signal.c                         0x00000000   Number         0  defsig_fpe_outer.o ABSOLUTE
    ../clib/signal.c                         0x00000000   Number         0  defsig_other.o ABSOLUTE
    ../clib/signal.c                         0x00000000   Number         0  defsig_segv_inner.o ABSOLUTE
    ../clib/signal.c                         0x00000000   Number         0  defsig_cppl_inner.o ABSOLUTE
    ../clib/signal.c                         0x00000000   Number         0  defsig_pvfn_inner.o ABSOLUTE
    ../clib/signal.c                         0x00000000   Number         0  defsig_stak_inner.o ABSOLUTE
    ../clib/signal.c                         0x00000000   Number         0  defsig_rtred_inner.o ABSOLUTE
    ../clib/signal.c                         0x00000000   Number         0  defsig_abrt_inner.o ABSOLUTE
    ../clib/signal.c                         0x00000000   Number         0  defsig_rtmem_inner.o ABSOLUTE
    ../clib/signal.c                         0x00000000   Number         0  defsig_rtmem_outer.o ABSOLUTE
    ../clib/signal.c                         0x00000000   Number         0  defsig_general.o ABSOLUTE
    ../clib/signal.s                         0x00000000   Number         0  defsig.o ABSOLUTE
    ../clib/stdlib.c                         0x00000000   Number         0  exit.o ABSOLUTE
    ../clib/stdlib.c                         0x00000000   Number         0  rand.o ABSOLUTE
    ../clib/stdlib.c                         0x00000000   Number         0  rand.o ABSOLUTE
    ../fplib/fpinit.s                        0x00000000   Number         0  fpinit.o ABSOLUTE
    BACK.c                                   0x00000000   Number         0  back.o ABSOLUTE
    BACK_GREY.c                              0x00000000   Number         0  back_grey.o ABSOLUTE
    BACK_GREY1.c                             0x00000000   Number         0  back_grey1.o ABSOLUTE
    BLOCK_WHITE.c                            0x00000000   Number         0  block_white.o ABSOLUTE
    BLUE_BLOCK.c                             0x00000000   Number         0  blue_block.o ABSOLUTE
    GLCD_SPI_LPC1700.c                       0x00000000   Number         0  glcd_spi_lpc1700.o ABSOLUTE
    GLCD_SPI_LPC1700.c                       0x00000000   Number         0  glcd_spi_lpc1700.o ABSOLUTE
    GREEN_BLOCK.c                            0x00000000   Number         0  green_block.o ABSOLUTE
    IRQ.c                                    0x00000000   Number         0  irq.o ABSOLUTE
    KBD.c                                    0x00000000   Number         0  kbd.o ABSOLUTE
    KBD.c                                    0x00000000   Number         0  kbd.o ABSOLUTE
    LED.c                                    0x00000000   Number         0  led.o ABSOLUTE
    LED.c                                    0x00000000   Number         0  led.o ABSOLUTE
    NEON_BLUE.c                              0x00000000   Number         0  neon_blue.o ABSOLUTE
    NEON_GREEN.c                             0x00000000   Number         0  neon_green.o ABSOLUTE
    NEON_RED.c                               0x00000000   Number         0  neon_red.o ABSOLUTE
    NEON_YELLOW.c                            0x00000000   Number         0  neon_yellow.o ABSOLUTE
    Project_FCBarcelona.c                    0x00000000   Number         0  project_fcbarcelona.o ABSOLUTE
    Project_FCBarcelona.c                    0x00000000   Number         0  project_fcbarcelona.o ABSOLUTE
    RED_BLOCK.c                              0x00000000   Number         0  red_block.o ABSOLUTE
    YELLOW_BLOCK.c                           0x00000000   Number         0  yellow_block.o ABSOLUTE
    adcuser.c                                0x00000000   Number         0  adcuser.o ABSOLUTE
    core_cm3.c                               0x00000000   Number         0  core_cm3.o ABSOLUTE
    core_cm3.c                               0x00000000   Number         0  core_cm3.o ABSOLUTE
    dc.s                                     0x00000000   Number         0  dc.o ABSOLUTE
    image0.c                                 0x00000000   Number         0  image0.o ABSOLUTE
    image1.c                                 0x00000000   Number         0  image1.o ABSOLUTE
    image2.c                                 0x00000000   Number         0  image2.o ABSOLUTE
    image3.c                                 0x00000000   Number         0  image3.o ABSOLUTE
    startup_LPC17xx.s                        0x00000000   Number         0  startup_lpc17xx.o ABSOLUTE
    system_LPC17xx.c                         0x00000000   Number         0  system_lpc17xx.o ABSOLUTE
    system_LPC17xx.c                         0x00000000   Number         0  system_lpc17xx.o ABSOLUTE
    tetrislogo.c                             0x00000000   Number         0  tetrislogo.o ABSOLUTE
    usbcore.c                                0x00000000   Number         0  usbcore.o ABSOLUTE
    usbdesc.c                                0x00000000   Number         0  usbdesc.o ABSOLUTE
    usbdmain.c                               0x00000000   Number         0  usbdmain.o ABSOLUTE
    usbdmain.c                               0x00000000   Number         0  usbdmain.o ABSOLUTE
    usbhw.c                                  0x00000000   Number         0  usbhw.o ABSOLUTE
    usbhw.c                                  0x00000000   Number         0  usbhw.o ABSOLUTE
    usbuser.c                                0x00000000   Number         0  usbuser.o ABSOLUTE
    !!!main                                  0x000000cc   Section        8  __main.o(!!!main)
    !!!scatter                               0x000000d4   Section       52  __scatter.o(!!!scatter)
    !!handler_copy                           0x00000108   Section       26  __scatter_copy.o(!!handler_copy)
    !!handler_zi                             0x00000124   Section       28  __scatter_zi.o(!!handler_zi)
    .ARM.Collect$$_printf_percent$$00000000  0x00000140   Section        0  _printf_percent.o(.ARM.Collect$$_printf_percent$$00000000)
    .ARM.Collect$$_printf_percent$$00000009  0x00000140   Section        6  _printf_d.o(.ARM.Collect$$_printf_percent$$00000009)
    .ARM.Collect$$_printf_percent$$00000017  0x00000146   Section        4  _printf_percent_end.o(.ARM.Collect$$_printf_percent$$00000017)
    .ARM.Collect$$libinit$$00000000          0x0000014a   Section        2  libinit.o(.ARM.Collect$$libinit$$00000000)
    .ARM.Collect$$libinit$$00000002          0x0000014c   Section        0  libinit2.o(.ARM.Collect$$libinit$$00000002)
    .ARM.Collect$$libinit$$00000008          0x0000014c   Section        0  libinit2.o(.ARM.Collect$$libinit$$00000008)
    .ARM.Collect$$libinit$$0000000A          0x0000014c   Section        0  libinit2.o(.ARM.Collect$$libinit$$0000000A)
    .ARM.Collect$$libinit$$0000000B          0x0000014c   Section        4  libinit2.o(.ARM.Collect$$libinit$$0000000B)
    .ARM.Collect$$libinit$$0000000C          0x00000150   Section        0  libinit2.o(.ARM.Collect$$libinit$$0000000C)
    .ARM.Collect$$libinit$$0000000F          0x00000150   Section        0  libinit2.o(.ARM.Collect$$libinit$$0000000F)
    .ARM.Collect$$libinit$$00000011          0x00000150   Section        0  libinit2.o(.ARM.Collect$$libinit$$00000011)
    .ARM.Collect$$libinit$$00000013          0x00000150   Section        0  libinit2.o(.ARM.Collect$$libinit$$00000013)
    .ARM.Collect$$libinit$$00000015          0x00000150   Section        0  libinit2.o(.ARM.Collect$$libinit$$00000015)
    .ARM.Collect$$libinit$$00000017          0x00000150   Section        0  libinit2.o(.ARM.Collect$$libinit$$00000017)
    .ARM.Collect$$libinit$$00000019          0x00000150   Section        0  libinit2.o(.ARM.Collect$$libinit$$00000019)
    .ARM.Collect$$libinit$$0000001B          0x00000150   Section        0  libinit2.o(.ARM.Collect$$libinit$$0000001B)
    .ARM.Collect$$libinit$$0000001D          0x00000150   Section        0  libinit2.o(.ARM.Collect$$libinit$$0000001D)
    .ARM.Collect$$libinit$$0000001F          0x00000150   Section        0  libinit2.o(.ARM.Collect$$libinit$$0000001F)
    .ARM.Collect$$libinit$$00000021          0x00000150   Section        0  libinit2.o(.ARM.Collect$$libinit$$00000021)
    .ARM.Collect$$libinit$$00000023          0x00000150   Section        0  libinit2.o(.ARM.Collect$$libinit$$00000023)
    .ARM.Collect$$libinit$$0000002A          0x00000150   Section        0  libinit2.o(.ARM.Collect$$libinit$$0000002A)
    .ARM.Collect$$libinit$$0000002C          0x00000150   Section        0  libinit2.o(.ARM.Collect$$libinit$$0000002C)
    .ARM.Collect$$libinit$$0000002E          0x00000150   Section        0  libinit2.o(.ARM.Collect$$libinit$$0000002E)
    .ARM.Collect$$libinit$$00000030          0x00000150   Section        0  libinit2.o(.ARM.Collect$$libinit$$00000030)
    .ARM.Collect$$libinit$$00000031          0x00000150   Section        2  libinit2.o(.ARM.Collect$$libinit$$00000031)
    .ARM.Collect$$libshutdown$$00000000      0x00000152   Section        2  libshutdown.o(.ARM.Collect$$libshutdown$$00000000)
    .ARM.Collect$$libshutdown$$00000003      0x00000154   Section        0  libshutdown2.o(.ARM.Collect$$libshutdown$$00000003)
    .ARM.Collect$$libshutdown$$00000006      0x00000154   Section        0  libshutdown2.o(.ARM.Collect$$libshutdown$$00000006)
    .ARM.Collect$$libshutdown$$00000009      0x00000154   Section        0  libshutdown2.o(.ARM.Collect$$libshutdown$$00000009)
    .ARM.Collect$$libshutdown$$0000000B      0x00000154   Section        0  libshutdown2.o(.ARM.Collect$$libshutdown$$0000000B)
    .ARM.Collect$$libshutdown$$0000000E      0x00000154   Section        0  libshutdown2.o(.ARM.Collect$$libshutdown$$0000000E)
    .ARM.Collect$$libshutdown$$0000000F      0x00000154   Section        2  libshutdown2.o(.ARM.Collect$$libshutdown$$0000000F)
    .ARM.Collect$$rtentry$$00000000          0x00000156   Section        0  rtentry.o(.ARM.Collect$$rtentry$$00000000)
    .ARM.Collect$$rtentry$$00000002          0x00000156   Section        0  rtentry2.o(.ARM.Collect$$rtentry$$00000002)
    .ARM.Collect$$rtentry$$00000004          0x00000156   Section        6  rtentry4.o(.ARM.Collect$$rtentry$$00000004)
    .ARM.Collect$$rtentry$$00000009          0x0000015c   Section        0  rtentry2.o(.ARM.Collect$$rtentry$$00000009)
    .ARM.Collect$$rtentry$$0000000A          0x0000015c   Section        4  rtentry2.o(.ARM.Collect$$rtentry$$0000000A)
    .ARM.Collect$$rtentry$$0000000C          0x00000160   Section        0  rtentry2.o(.ARM.Collect$$rtentry$$0000000C)
    .ARM.Collect$$rtentry$$0000000D          0x00000160   Section        8  rtentry2.o(.ARM.Collect$$rtentry$$0000000D)
    .ARM.Collect$$rtexit$$00000000           0x00000168   Section        2  rtexit.o(.ARM.Collect$$rtexit$$00000000)
    .ARM.Collect$$rtexit$$00000002           0x0000016a   Section        0  rtexit2.o(.ARM.Collect$$rtexit$$00000002)
    .ARM.Collect$$rtexit$$00000003           0x0000016a   Section        4  rtexit2.o(.ARM.Collect$$rtexit$$00000003)
    .ARM.Collect$$rtexit$$00000004           0x0000016e   Section        6  rtexit2.o(.ARM.Collect$$rtexit$$00000004)
    .emb_text                                0x00000174   Section       52  rand.o(.emb_text)
    .text                                    0x000001a8   Section       60  startup_lpc17xx.o(.text)
    .text                                    0x000001e4   Section        0  irq.o(.text)
    .text                                    0x00000260   Section        0  kbd.o(.text)
    .text                                    0x000002c0   Section        0  noretval__2sprintf.o(.text)
    .text                                    0x000002e8   Section        0  heapauxi.o(.text)
    .text                                    0x000002ee   Section        0  _sputc.o(.text)
    .text                                    0x000002f8   Section        2  use_no_semi.o(.text)
    .text                                    0x000002fa   Section        0  indicate_semi.o(.text)
    .ARM.__at_0x02FC                         0x000002fc   Section        4  startup_lpc17xx.o(.ARM.__at_0x02FC)
    .text                                    0x00000300   Section        0  system_lpc17xx.o(.text)
    .text                                    0x00000760   Section        0  project_fcbarcelona.o(.text)
    NVIC_DisableIRQ                          0x00001e15   Thumb Code    18  project_fcbarcelona.o(.text)
    .text                                    0x00001e34   Section        0  glcd_spi_lpc1700.o(.text)
    delay                                    0x00001e35   Thumb Code    14  glcd_spi_lpc1700.o(.text)
    spi_tran_man                             0x00001e43   Thumb Code   124  glcd_spi_lpc1700.o(.text)
    wr_cmd                                   0x00001ebf   Thumb Code    36  glcd_spi_lpc1700.o(.text)
    wr_dat                                   0x00001ee3   Thumb Code    36  glcd_spi_lpc1700.o(.text)
    rd_reg                                   0x00001f07   Thumb Code    66  glcd_spi_lpc1700.o(.text)
    rd_id_man                                0x00001f49   Thumb Code   132  glcd_spi_lpc1700.o(.text)
    spi_tran                                 0x00002967   Thumb Code    26  glcd_spi_lpc1700.o(.text)
    wr_dat_start                             0x00002981   Thumb Code    16  glcd_spi_lpc1700.o(.text)
    wr_dat_stop                              0x00002991   Thumb Code     8  glcd_spi_lpc1700.o(.text)
    wr_dat_only                              0x00002999   Thumb Code    18  glcd_spi_lpc1700.o(.text)
    wr_reg                                   0x000029ab   Thumb Code    20  glcd_spi_lpc1700.o(.text)
    .text                                    0x000029d8   Section        0  led.o(.text)
    .text                                    0x00002a84   Section        0  adcuser.o(.text)
    .text                                    0x00002b6c   Section        0  usbdmain.o(.text)
    NVIC_DisableIRQ                          0x00002d13   Thumb Code    18  usbdmain.o(.text)
    .text                                    0x00002d64   Section        0  usbuser.o(.text)
    .text                                    0x00002e44   Section        0  usbcore.o(.text)
    .text                                    0x00003220   Section        0  usbhw.o(.text)
    .text                                    0x00003778   Section      238  lludivv7m.o(.text)
    .text                                    0x00003866   Section        0  __printf.o(.text)
    .text                                    0x000038d0   Section        0  _printf_dec.o(.text)
    .text                                    0x00003948   Section        0  rand.o(.text)
    .text                                    0x00003984   Section        0  _printf_intcommon.o(.text)
    .text                                    0x00003a3c   Section        0  _printf_char_common.o(.text)
    _printf_input_char                       0x00003a3d   Thumb Code    10  _printf_char_common.o(.text)
    .text                                    0x00003a6c   Section       74  sys_stackheap_outer.o(.text)
    .text                                    0x00003ab6   Section        0  exit.o(.text)
    .text                                    0x00003ac4   Section        8  libspace.o(.text)
    .text                                    0x00003acc   Section        0  sys_exit.o(.text)
    i.USB_ReqGetDescriptor                   0x00003ad8   Section        0  usbcore.o(i.USB_ReqGetDescriptor)
    i.USB_ReqGetStatus                       0x00003b90   Section        0  usbcore.o(i.USB_ReqGetStatus)
    i.USB_ReqSetClrFeature                   0x00003c50   Section        0  usbcore.o(i.USB_ReqSetClrFeature)
    i.USB_ReqSetConfiguration                0x00003d3c   Section        0  usbcore.o(i.USB_ReqSetConfiguration)
    i.USB_ReqSetInterface                    0x00003ee8   Section        0  usbcore.o(i.USB_ReqSetInterface)
    .constdata                               0x00004010   Section     6272  glcd_spi_lpc1700.o(.constdata)
    .constdata                               0x00005890   Section       32  led.o(.constdata)
    .constdata                               0x000058b0   Section    230401  image0.o(.constdata)
    .constdata                               0x0003dcb1   Section      769  neon_blue.o(.constdata)
    .constdata                               0x0003dfb2   Section      769  neon_red.o(.constdata)
    .constdata                               0x0003e2b3   Section      769  neon_yellow.o(.constdata)
    .constdata                               0x0003e5b4   Section      769  yellow_block.o(.constdata)
    .constdata                               0x0003e8b5   Section      769  blue_block.o(.constdata)
    .constdata                               0x0003ebb6   Section      769  red_block.o(.constdata)
    .constdata                               0x0003eeb7   Section      769  green_block.o(.constdata)
    .constdata                               0x0003f1b8   Section      769  block_white.o(.constdata)
    .constdata                               0x0003f4b9   Section      769  back_grey.o(.constdata)
    .constdata                               0x0003f7ba   Section    47521  tetrislogo.o(.constdata)
    .constdata                               0x0004b15b   Section      769  neon_green.o(.constdata)
    .constdata                               0x0004b45c   Section       64  usbuser.o(.constdata)
    .constdata                               0x0004b49c   Section      228  usbdesc.o(.constdata)
    .constdata                               0x0004b580   Section       16  usbhw.o(.constdata)
    .data                                    0x10000000   Section        8  system_lpc17xx.o(.data)
    .data                                    0x10000008   Section       56  project_fcbarcelona.o(.data)
    .data                                    0x10000040   Section        7  irq.o(.data)
    .data                                    0x10000048   Section        5  glcd_spi_lpc1700.o(.data)
    Color                                    0x10000048   Data           4  glcd_spi_lpc1700.o(.data)
    Himax                                    0x1000004c   Data           1  glcd_spi_lpc1700.o(.data)
    .data                                    0x1000004e   Section        2  adcuser.o(.data)
    .data                                    0x10000050   Section       32  usbdmain.o(.data)
    .data                                    0x10000070   Section       40  usbcore.o(.data)
    .data                                    0x10000098   Section        8  usbhw.o(.data)
    .bss                                     0x100000a0   Section     1440  project_fcbarcelona.o(.bss)
    .bss                                     0x10000640   Section       64  usbcore.o(.bss)
    .bss                                     0x10000680   Section      128  usbhw.o(.bss)
    .bss                                     0x10000700   Section      228  rand.o(.bss)
    .bss                                     0x100007e4   Section       96  libspace.o(.bss)
    HEAP                                     0x10000848   Section        0  startup_lpc17xx.o(HEAP)
    STACK                                    0x10000848   Section      512  startup_lpc17xx.o(STACK)
    Heap_Mem                                 0x10000848   Data           0  startup_lpc17xx.o(HEAP)
    Stack_Mem                                0x10000848   Data         512  startup_lpc17xx.o(STACK)
    USB_RAM                                  0x10000a48   Section      544  usbhw.o(USB_RAM)
    __initial_sp                             0x10000a48   Data           0  startup_lpc17xx.o(STACK)

    Global Symbols

    Symbol Name                              Value     Ov Type        Size  Object(Section)

    BuildAttributes$$THM_ISAv4$P$D$K$B$S$PE$A:L22UL41UL21$X:L11$S22US41US21$IEEE1$IW$USESV6$~STKCKD$USESV7$~SHL$OSPACE$ROPI$EBA8$UX$STANDARDLIB$REQ8$PRES8$EABIv2 0x00000000   Number         0  anon$$obj.o ABSOLUTE
    __ARM_use_no_argv                        0x00000000   Number         0  project_fcbarcelona.o ABSOLUTE
    __Vectors                                0x00000000   Data           4  startup_lpc17xx.o(RESET)
    __ARM_exceptions_init                     - Undefined Weak Reference
    __alloca_initialize                       - Undefined Weak Reference
    __cpp_initialize__aeabi_                  - Undefined Weak Reference
    __cxa_finalize                            - Undefined Weak Reference
    __rt_locale                               - Undefined Weak Reference
    __sigvec_lookup                           - Undefined Weak Reference
    _atexit_init                              - Undefined Weak Reference
    _call_atexit_fns                          - Undefined Weak Reference
    _clock_init                               - Undefined Weak Reference
    _fp_trap_init                             - Undefined Weak Reference
    _fp_trap_shutdown                         - Undefined Weak Reference
    _get_lc_collate                           - Undefined Weak Reference
    _get_lc_ctype                             - Undefined Weak Reference
    _get_lc_monetary                          - Undefined Weak Reference
    _get_lc_numeric                           - Undefined Weak Reference
    _get_lc_time                              - Undefined Weak Reference
    _getenv_init                              - Undefined Weak Reference
    _handle_redirection                       - Undefined Weak Reference
    _init_alloc                               - Undefined Weak Reference
    _init_user_alloc                          - Undefined Weak Reference
    _initio                                   - Undefined Weak Reference
    _printf_post_padding                      - Undefined Weak Reference
    _printf_pre_padding                       - Undefined Weak Reference
    _printf_truncate_signed                   - Undefined Weak Reference
    _printf_truncate_unsigned                 - Undefined Weak Reference
    _signal_finish                            - Undefined Weak Reference
    _signal_init                              - Undefined Weak Reference
    _terminate_alloc                          - Undefined Weak Reference
    _terminate_user_alloc                     - Undefined Weak Reference
    _terminateio                              - Undefined Weak Reference
    __main                                   0x000000cd   Thumb Code     8  __main.o(!!!main)
    __scatterload                            0x000000d5   Thumb Code     0  __scatter.o(!!!scatter)
    __scatterload_rt2                        0x000000d5   Thumb Code    44  __scatter.o(!!!scatter)
    __scatterload_rt2_thumb_only             0x000000d5   Thumb Code     0  __scatter.o(!!!scatter)
    __scatterload_null                       0x000000e3   Thumb Code     0  __scatter.o(!!!scatter)
    __scatterload_copy                       0x00000109   Thumb Code    26  __scatter_copy.o(!!handler_copy)
    __scatterload_zeroinit                   0x00000125   Thumb Code    28  __scatter_zi.o(!!handler_zi)
    _printf_d                                0x00000141   Thumb Code     0  _printf_d.o(.ARM.Collect$$_printf_percent$$00000009)
    _printf_percent                          0x00000141   Thumb Code     0  _printf_percent.o(.ARM.Collect$$_printf_percent$$00000000)
    _printf_percent_end                      0x00000147   Thumb Code     0  _printf_percent_end.o(.ARM.Collect$$_printf_percent$$00000017)
    __rt_lib_init                            0x0000014b   Thumb Code     0  libinit.o(.ARM.Collect$$libinit$$00000000)
    __rt_lib_init_fp_1                       0x0000014d   Thumb Code     0  libinit2.o(.ARM.Collect$$libinit$$00000002)
    __rt_lib_init_heap_1                     0x0000014d   Thumb Code     0  libinit2.o(.ARM.Collect$$libinit$$00000008)
    __rt_lib_init_rand_2                     0x0000014d   Thumb Code     0  libinit2.o(.ARM.Collect$$libinit$$0000000B)
    __rt_lib_init_user_alloc_1               0x0000014d   Thumb Code     0  libinit2.o(.ARM.Collect$$libinit$$0000000A)
    __rt_lib_init_alloca_1                   0x00000151   Thumb Code     0  libinit2.o(.ARM.Collect$$libinit$$0000002C)
    __rt_lib_init_argv_1                     0x00000151   Thumb Code     0  libinit2.o(.ARM.Collect$$libinit$$0000002A)
    __rt_lib_init_atexit_1                   0x00000151   Thumb Code     0  libinit2.o(.ARM.Collect$$libinit$$00000019)
    __rt_lib_init_clock_1                    0x00000151   Thumb Code     0  libinit2.o(.ARM.Collect$$libinit$$0000001F)
    __rt_lib_init_cpp_1                      0x00000151   Thumb Code     0  libinit2.o(.ARM.Collect$$libinit$$00000030)
    __rt_lib_init_exceptions_1               0x00000151   Thumb Code     0  libinit2.o(.ARM.Collect$$libinit$$0000002E)
    __rt_lib_init_fp_trap_1                  0x00000151   Thumb Code     0  libinit2.o(.ARM.Collect$$libinit$$0000001D)
    __rt_lib_init_getenv_1                   0x00000151   Thumb Code     0  libinit2.o(.ARM.Collect$$libinit$$00000021)
    __rt_lib_init_lc_collate_1               0x00000151   Thumb Code     0  libinit2.o(.ARM.Collect$$libinit$$0000000F)
    __rt_lib_init_lc_ctype_1                 0x00000151   Thumb Code     0  libinit2.o(.ARM.Collect$$libinit$$00000011)
    __rt_lib_init_lc_monetary_1              0x00000151   Thumb Code     0  libinit2.o(.ARM.Collect$$libinit$$00000013)
    __rt_lib_init_lc_numeric_1               0x00000151   Thumb Code     0  libinit2.o(.ARM.Collect$$libinit$$00000015)
    __rt_lib_init_lc_time_1                  0x00000151   Thumb Code     0  libinit2.o(.ARM.Collect$$libinit$$00000017)
    __rt_lib_init_rand_1                     0x00000151   Thumb Code     0  libinit2.o(.ARM.Collect$$libinit$$0000000C)
    __rt_lib_init_return                     0x00000151   Thumb Code     0  libinit2.o(.ARM.Collect$$libinit$$00000031)
    __rt_lib_init_signal_1                   0x00000151   Thumb Code     0  libinit2.o(.ARM.Collect$$libinit$$0000001B)
    __rt_lib_init_stdio_1                    0x00000151   Thumb Code     0  libinit2.o(.ARM.Collect$$libinit$$00000023)
    __rt_lib_shutdown                        0x00000153   Thumb Code     0  libshutdown.o(.ARM.Collect$$libshutdown$$00000000)
    __rt_lib_shutdown_fp_trap_1              0x00000155   Thumb Code     0  libshutdown2.o(.ARM.Collect$$libshutdown$$00000006)
    __rt_lib_shutdown_heap_1                 0x00000155   Thumb Code     0  libshutdown2.o(.ARM.Collect$$libshutdown$$0000000E)
    __rt_lib_shutdown_return                 0x00000155   Thumb Code     0  libshutdown2.o(.ARM.Collect$$libshutdown$$0000000F)
    __rt_lib_shutdown_signal_1               0x00000155   Thumb Code     0  libshutdown2.o(.ARM.Collect$$libshutdown$$00000009)
    __rt_lib_shutdown_stdio_1                0x00000155   Thumb Code     0  libshutdown2.o(.ARM.Collect$$libshutdown$$00000003)
    __rt_lib_shutdown_user_alloc_1           0x00000155   Thumb Code     0  libshutdown2.o(.ARM.Collect$$libshutdown$$0000000B)
    __rt_entry                               0x00000157   Thumb Code     0  rtentry.o(.ARM.Collect$$rtentry$$00000000)
    __rt_entry_presh_1                       0x00000157   Thumb Code     0  rtentry2.o(.ARM.Collect$$rtentry$$00000002)
    __rt_entry_sh                            0x00000157   Thumb Code     0  rtentry4.o(.ARM.Collect$$rtentry$$00000004)
    __rt_entry_li                            0x0000015d   Thumb Code     0  rtentry2.o(.ARM.Collect$$rtentry$$0000000A)
    __rt_entry_postsh_1                      0x0000015d   Thumb Code     0  rtentry2.o(.ARM.Collect$$rtentry$$00000009)
    __rt_entry_main                          0x00000161   Thumb Code     0  rtentry2.o(.ARM.Collect$$rtentry$$0000000D)
    __rt_entry_postli_1                      0x00000161   Thumb Code     0  rtentry2.o(.ARM.Collect$$rtentry$$0000000C)
    __rt_exit                                0x00000169   Thumb Code     0  rtexit.o(.ARM.Collect$$rtexit$$00000000)
    __rt_exit_ls                             0x0000016b   Thumb Code     0  rtexit2.o(.ARM.Collect$$rtexit$$00000003)
    __rt_exit_prels_1                        0x0000016b   Thumb Code     0  rtexit2.o(.ARM.Collect$$rtexit$$00000002)
    __rt_exit_exit                           0x0000016f   Thumb Code     0  rtexit2.o(.ARM.Collect$$rtexit$$00000004)
    rand                                     0x00000175   Thumb Code    48  rand.o(.emb_text)
    Reset_Handler                            0x000001a9   Thumb Code     8  startup_lpc17xx.o(.text)
    NMI_Handler                              0x000001b1   Thumb Code     2  startup_lpc17xx.o(.text)
    HardFault_Handler                        0x000001b3   Thumb Code     2  startup_lpc17xx.o(.text)
    MemManage_Handler                        0x000001b5   Thumb Code     2  startup_lpc17xx.o(.text)
    BusFault_Handler                         0x000001b7   Thumb Code     2  startup_lpc17xx.o(.text)
    UsageFault_Handler                       0x000001b9   Thumb Code     2  startup_lpc17xx.o(.text)
    SVC_Handler                              0x000001bb   Thumb Code     2  startup_lpc17xx.o(.text)
    DebugMon_Handler                         0x000001bd   Thumb Code     2  startup_lpc17xx.o(.text)
    PendSV_Handler                           0x000001bf   Thumb Code     2  startup_lpc17xx.o(.text)
    ADC_IRQHandler                           0x000001c3   Thumb Code     0  startup_lpc17xx.o(.text)
    BOD_IRQHandler                           0x000001c3   Thumb Code     0  startup_lpc17xx.o(.text)
    CANActivity_IRQHandler                   0x000001c3   Thumb Code     0  startup_lpc17xx.o(.text)
    CAN_IRQHandler                           0x000001c3   Thumb Code     0  startup_lpc17xx.o(.text)
    DMA_IRQHandler                           0x000001c3   Thumb Code     0  startup_lpc17xx.o(.text)
    EINT0_IRQHandler                         0x000001c3   Thumb Code     0  startup_lpc17xx.o(.text)
    EINT1_IRQHandler                         0x000001c3   Thumb Code     0  startup_lpc17xx.o(.text)
    EINT2_IRQHandler                         0x000001c3   Thumb Code     0  startup_lpc17xx.o(.text)
    EINT3_IRQHandler                         0x000001c3   Thumb Code     0  startup_lpc17xx.o(.text)
    ENET_IRQHandler                          0x000001c3   Thumb Code     0  startup_lpc17xx.o(.text)
    I2C0_IRQHandler                          0x000001c3   Thumb Code     0  startup_lpc17xx.o(.text)
    I2C1_IRQHandler                          0x000001c3   Thumb Code     0  startup_lpc17xx.o(.text)
    I2C2_IRQHandler                          0x000001c3   Thumb Code     0  startup_lpc17xx.o(.text)
    I2S_IRQHandler                           0x000001c3   Thumb Code     0  startup_lpc17xx.o(.text)
    MCPWM_IRQHandler                         0x000001c3   Thumb Code     0  startup_lpc17xx.o(.text)
    PLL0_IRQHandler                          0x000001c3   Thumb Code     0  startup_lpc17xx.o(.text)
    PLL1_IRQHandler                          0x000001c3   Thumb Code     0  startup_lpc17xx.o(.text)
    PWM1_IRQHandler                          0x000001c3   Thumb Code     0  startup_lpc17xx.o(.text)
    QEI_IRQHandler                           0x000001c3   Thumb Code     0  startup_lpc17xx.o(.text)
    RIT_IRQHandler                           0x000001c3   Thumb Code     0  startup_lpc17xx.o(.text)
    RTC_IRQHandler                           0x000001c3   Thumb Code     0  startup_lpc17xx.o(.text)
    SPI_IRQHandler                           0x000001c3   Thumb Code     0  startup_lpc17xx.o(.text)
    SSP0_IRQHandler                          0x000001c3   Thumb Code     0  startup_lpc17xx.o(.text)
    SSP1_IRQHandler                          0x000001c3   Thumb Code     0  startup_lpc17xx.o(.text)
    TIMER1_IRQHandler                        0x000001c3   Thumb Code     0  startup_lpc17xx.o(.text)
    TIMER2_IRQHandler                        0x000001c3   Thumb Code     0  startup_lpc17xx.o(.text)
    TIMER3_IRQHandler                        0x000001c3   Thumb Code     0  startup_lpc17xx.o(.text)
    UART0_IRQHandler                         0x000001c3   Thumb Code     0  startup_lpc17xx.o(.text)
    UART1_IRQHandler                         0x000001c3   Thumb Code     0  startup_lpc17xx.o(.text)
    UART2_IRQHandler                         0x000001c3   Thumb Code     0  startup_lpc17xx.o(.text)
    UART3_IRQHandler                         0x000001c3   Thumb Code     0  startup_lpc17xx.o(.text)
    USBActivity_IRQHandler                   0x000001c3   Thumb Code     0  startup_lpc17xx.o(.text)
    WDT_IRQHandler                           0x000001c3   Thumb Code     0  startup_lpc17xx.o(.text)
    __user_initial_stackheap                 0x000001c5   Thumb Code     0  startup_lpc17xx.o(.text)
    SysTick_Handler                          0x000001e5   Thumb Code   108  irq.o(.text)
    KBD_Init                                 0x00000261   Thumb Code    42  kbd.o(.text)
    KBD_get                                  0x0000028b   Thumb Code    12  kbd.o(.text)
    get_button                               0x00000297   Thumb Code    20  kbd.o(.text)
    __2sprintf                               0x000002c1   Thumb Code    34  noretval__2sprintf.o(.text)
    __use_two_region_memory                  0x000002e9   Thumb Code     2  heapauxi.o(.text)
    __rt_heap_escrow$2region                 0x000002eb   Thumb Code     2  heapauxi.o(.text)
    __rt_heap_expand$2region                 0x000002ed   Thumb Code     2  heapauxi.o(.text)
    _sputc                                   0x000002ef   Thumb Code    10  _sputc.o(.text)
    __I$use$semihosting                      0x000002f9   Thumb Code     0  use_no_semi.o(.text)
    __use_no_semihosting_swi                 0x000002f9   Thumb Code     2  use_no_semi.o(.text)
    __semihosting_library_function           0x000002fb   Thumb Code     0  indicate_semi.o(.text)
    SystemCoreClockUpdate                    0x00000301   Thumb Code   424  system_lpc17xx.o(.text)
    SystemInit                               0x000004a9   Thumb Code   290  system_lpc17xx.o(.text)
    SystemClockUpdate                        0x000005cb   Thumb Code   398  system_lpc17xx.o(.text)
    delay                                    0x00000761   Thumb Code    16  project_fcbarcelona.o(.text)
    blank                                    0x00000771   Thumb Code    84  project_fcbarcelona.o(.text)
    drawgrid                                 0x000007c5   Thumb Code   306  project_fcbarcelona.o(.text)
    square                                   0x000008f7   Thumb Code   466  project_fcbarcelona.o(.text)
    backupgrid                               0x00000ac9   Thumb Code    46  project_fcbarcelona.o(.text)
    restoregrid                              0x00000af7   Thumb Code    46  project_fcbarcelona.o(.text)
    linefull                                 0x00000b25   Thumb Code   480  project_fcbarcelona.o(.text)
    lshape1                                  0x00000d05   Thumb Code  1968  project_fcbarcelona.o(.text)
    lineshape                                0x000014b5   Thumb Code   944  project_fcbarcelona.o(.text)
    game_over                                0x00001865   Thumb Code    86  project_fcbarcelona.o(.text)
    random_block                             0x000018bb   Thumb Code    44  project_fcbarcelona.o(.text)
    DisplayMenu                              0x000018e7   Thumb Code   186  project_fcbarcelona.o(.text)
    game                                     0x000019a1   Thumb Code   116  project_fcbarcelona.o(.text)
    ChangeImage                              0x00001a15   Thumb Code    64  project_fcbarcelona.o(.text)
    MusicLoop                                0x00001a55   Thumb Code   126  project_fcbarcelona.o(.text)
    GalleryLoop                              0x00001ad3   Thumb Code   148  project_fcbarcelona.o(.text)
    SelectMenu                               0x00001b67   Thumb Code   538  project_fcbarcelona.o(.text)
    main                                     0x00001d81   Thumb Code   148  project_fcbarcelona.o(.text)
    GLCD_Init                                0x00001fcd   Thumb Code  1514  glcd_spi_lpc1700.o(.text)
    GLCD_SetWindow                           0x000025b7   Thumb Code   168  glcd_spi_lpc1700.o(.text)
    GLCD_WindowMax                           0x0000265f   Thumb Code    26  glcd_spi_lpc1700.o(.text)
    GLCD_PutPixel                            0x00002679   Thumb Code   118  glcd_spi_lpc1700.o(.text)
    GLCD_SetTextColor                        0x000026ef   Thumb Code     6  glcd_spi_lpc1700.o(.text)
    GLCD_SetBackColor                        0x000026f5   Thumb Code     6  glcd_spi_lpc1700.o(.text)
    GLCD_Clear                               0x000026fb   Thumb Code    42  glcd_spi_lpc1700.o(.text)
    GLCD_DrawChar                            0x00002725   Thumb Code   150  glcd_spi_lpc1700.o(.text)
    GLCD_DisplayChar                         0x000027bb   Thumb Code    84  glcd_spi_lpc1700.o(.text)
    GLCD_DisplayString                       0x0000280f   Thumb Code    40  glcd_spi_lpc1700.o(.text)
    GLCD_ClearLn                             0x00002837   Thumb Code    94  glcd_spi_lpc1700.o(.text)
    GLCD_Bargraph                            0x00002895   Thumb Code    98  glcd_spi_lpc1700.o(.text)
    GLCD_Bitmap                              0x000028f7   Thumb Code    82  glcd_spi_lpc1700.o(.text)
    GLCD_ScrollVertical                      0x00002949   Thumb Code     2  glcd_spi_lpc1700.o(.text)
    GLCD_WrCmd                               0x0000294b   Thumb Code    12  glcd_spi_lpc1700.o(.text)
    GLCD_WrReg                               0x00002957   Thumb Code    16  glcd_spi_lpc1700.o(.text)
    LED_Init                                 0x000029d9   Thumb Code    38  led.o(.text)
    LED_On                                   0x000029ff   Thumb Code    40  led.o(.text)
    LED_Off                                  0x00002a27   Thumb Code    40  led.o(.text)
    LED_Out                                  0x00002a4f   Thumb Code    38  led.o(.text)
    ADC_IF_GetRequest                        0x00002a85   Thumb Code   128  adcuser.o(.text)
    ADC_IF_SetRequest                        0x00002b05   Thumb Code    80  adcuser.o(.text)
    ADC_EP_GetRequest                        0x00002b55   Thumb Code     4  adcuser.o(.text)
    ADC_EP_SetRequest                        0x00002b59   Thumb Code     4  adcuser.o(.text)
    get_potval                               0x00002b6d   Thumb Code    28  usbdmain.o(.text)
    TIMER0_IRQHandler                        0x00002b89   Thumb Code   250  usbdmain.o(.text)
    play_music                               0x00002c83   Thumb Code   144  usbdmain.o(.text)
    USB_Reset_Event                          0x00002d65   Thumb Code     8  usbuser.o(.text)
    USB_SOF_Event                            0x00002d6d   Thumb Code     2  usbuser.o(.text)
    USB_EndPoint1                            0x00002d6f   Thumb Code     2  usbuser.o(.text)
    USB_EndPoint2                            0x00002d71   Thumb Code     2  usbuser.o(.text)
    USB_EndPoint3                            0x00002d73   Thumb Code   164  usbuser.o(.text)
    USB_EndPoint4                            0x00002e17   Thumb Code     2  usbuser.o(.text)
    USB_EndPoint5                            0x00002e19   Thumb Code     2  usbuser.o(.text)
    USB_EndPoint6                            0x00002e1b   Thumb Code     2  usbuser.o(.text)
    USB_EndPoint7                            0x00002e1d   Thumb Code     2  usbuser.o(.text)
    USB_EndPoint8                            0x00002e1f   Thumb Code     2  usbuser.o(.text)
    USB_EndPoint9                            0x00002e21   Thumb Code     2  usbuser.o(.text)
    USB_EndPoint10                           0x00002e23   Thumb Code     2  usbuser.o(.text)
    USB_EndPoint11                           0x00002e25   Thumb Code     2  usbuser.o(.text)
    USB_EndPoint12                           0x00002e27   Thumb Code     2  usbuser.o(.text)
    USB_EndPoint13                           0x00002e29   Thumb Code     2  usbuser.o(.text)
    USB_EndPoint14                           0x00002e2b   Thumb Code     2  usbuser.o(.text)
    USB_EndPoint15                           0x00002e2d   Thumb Code     2  usbuser.o(.text)
    USB_ResetCore                            0x00002e45   Thumb Code    34  usbcore.o(.text)
    USB_SetupStage                           0x00002e67   Thumb Code    12  usbcore.o(.text)
    USB_DataInStage                          0x00002e73   Thumb Code    52  usbcore.o(.text)
    USB_DataOutStage                         0x00002ea7   Thumb Code    34  usbcore.o(.text)
    USB_StatusInStage                        0x00002ec9   Thumb Code    14  usbcore.o(.text)
    USB_StatusOutStage                       0x00002ed7   Thumb Code    12  usbcore.o(.text)
    USB_EndPoint0                            0x00002ee3   Thumb Code   784  usbcore.o(.text)
    EPAdr                                    0x00003221   Thumb Code    16  usbhw.o(.text)
    WrCmd                                    0x00003231   Thumb Code     2  usbhw.o(.text)
    WrCmdDat                                 0x00003233   Thumb Code     2  usbhw.o(.text)
    WrCmdEP                                  0x00003235   Thumb Code     2  usbhw.o(.text)
    RdCmdDat                                 0x00003237   Thumb Code     4  usbhw.o(.text)
    USB_SetAddress                           0x0000323b   Thumb Code    42  usbhw.o(.text)
    USB_Reset                                0x00003265   Thumb Code    34  usbhw.o(.text)
    USB_Init                                 0x00003287   Thumb Code   138  usbhw.o(.text)
    USB_Connect                              0x00003311   Thumb Code    28  usbhw.o(.text)
    USB_Suspend                              0x0000332d   Thumb Code     2  usbhw.o(.text)
    USB_Resume                               0x0000332f   Thumb Code     2  usbhw.o(.text)
    USB_WakeUp                               0x00003331   Thumb Code    22  usbhw.o(.text)
    USB_WakeUpCfg                            0x00003347   Thumb Code     2  usbhw.o(.text)
    USB_Configure                            0x00003349   Thumb Code    28  usbhw.o(.text)
    USB_ConfigEP                             0x00003365   Thumb Code    14  usbhw.o(.text)
    USB_DirCtrlEP                            0x00003373   Thumb Code     2  usbhw.o(.text)
    USB_EnableEP                             0x00003375   Thumb Code    26  usbhw.o(.text)
    USB_DisableEP                            0x0000338f   Thumb Code    26  usbhw.o(.text)
    USB_ResetEP                              0x000033a9   Thumb Code    26  usbhw.o(.text)
    USB_SetStallEP                           0x000033c3   Thumb Code    26  usbhw.o(.text)
    USB_ClrStallEP                           0x000033dd   Thumb Code    26  usbhw.o(.text)
    USB_ClearEPBuf                           0x000033f7   Thumb Code    14  usbhw.o(.text)
    USB_ReadEP                               0x00003405   Thumb Code    58  usbhw.o(.text)
    USB_WriteEP                              0x0000343f   Thumb Code    34  usbhw.o(.text)
    USB_DMA_Setup                            0x00003461   Thumb Code   200  usbhw.o(.text)
    USB_DMA_Enable                           0x00003529   Thumb Code     2  usbhw.o(.text)
    USB_DMA_Disable                          0x0000352b   Thumb Code     2  usbhw.o(.text)
    USB_DMA_Status                           0x0000352d   Thumb Code    76  usbhw.o(.text)
    USB_DMA_BufAdr                           0x00003579   Thumb Code    30  usbhw.o(.text)
    USB_DMA_BufCnt                           0x00003597   Thumb Code    30  usbhw.o(.text)
    USB_GetFrame                             0x000035b5   Thumb Code    30  usbhw.o(.text)
    USB_IRQHandler                           0x000035d3   Thumb Code   418  usbhw.o(.text)
    __aeabi_uldivmod                         0x00003779   Thumb Code     0  lludivv7m.o(.text)
    _ll_udiv                                 0x00003779   Thumb Code   238  lludivv7m.o(.text)
    __printf                                 0x00003867   Thumb Code   104  __printf.o(.text)
    _printf_int_dec                          0x000038d1   Thumb Code   102  _printf_dec.o(.text)
    srand                                    0x00003949   Thumb Code    42  rand.o(.text)
    _rand_init                               0x00003973   Thumb Code     4  rand.o(.text)
    _printf_int_common                       0x00003985   Thumb Code   184  _printf_intcommon.o(.text)
    _printf_char_common                      0x00003a47   Thumb Code    32  _printf_char_common.o(.text)
    __user_setup_stackheap                   0x00003a6d   Thumb Code    74  sys_stackheap_outer.o(.text)
    exit                                     0x00003ab7   Thumb Code    12  exit.o(.text)
    __user_libspace                          0x00003ac5   Thumb Code     8  libspace.o(.text)
    __user_perproc_libspace                  0x00003ac5   Thumb Code     0  libspace.o(.text)
    __user_perthread_libspace                0x00003ac5   Thumb Code     0  libspace.o(.text)
    _sys_exit                                0x00003acd   Thumb Code     8  sys_exit.o(.text)
    USB_ReqGetDescriptor                     0x00003ad9   Thumb Code   164  usbcore.o(i.USB_ReqGetDescriptor)
    USB_ReqGetStatus                         0x00003b91   Thumb Code   160  usbcore.o(i.USB_ReqGetStatus)
    USB_ReqSetClrFeature                     0x00003c51   Thumb Code   210  usbcore.o(i.USB_ReqSetClrFeature)
    USB_ReqSetConfiguration                  0x00003d3d   Thumb Code   390  usbcore.o(i.USB_ReqSetConfiguration)
    USB_ReqSetInterface                      0x00003ee9   Thumb Code   270  usbcore.o(i.USB_ReqSetInterface)
    Font_6x8_h                               0x00004010   Data         896  glcd_spi_lpc1700.o(.constdata)
    Font_16x24_h                             0x00004390   Data        5376  glcd_spi_lpc1700.o(.constdata)
    led_mask                                 0x00005890   Data          32  led.o(.constdata)
    IMAGE0_pixel_data                        0x000058b0   Data       230401  image0.o(.constdata)
    NEON_BLUE_pixel_data                     0x0003dcb1   Data         769  neon_blue.o(.constdata)
    NEON_RED_pixel_data                      0x0003dfb2   Data         769  neon_red.o(.constdata)
    NEON_YELLOW_pixel_data                   0x0003e2b3   Data         769  neon_yellow.o(.constdata)
    YELLOW_BLOCK_pixel_data                  0x0003e5b4   Data         769  yellow_block.o(.constdata)
    BLUE_BLOCK_pixel_data                    0x0003e8b5   Data         769  blue_block.o(.constdata)
    RED_BLOCK_pixel_data                     0x0003ebb6   Data         769  red_block.o(.constdata)
    GREEN_BLOCK_pixel_data                   0x0003eeb7   Data         769  green_block.o(.constdata)
    BLOCK_WHITE_pixel_data                   0x0003f1b8   Data         769  block_white.o(.constdata)
    BACK_GREY_pixel_data                     0x0003f4b9   Data         769  back_grey.o(.constdata)
    TETRISLOGO_pixel_data                    0x0003f7ba   Data       47521  tetrislogo.o(.constdata)
    NEON_GREEN_pixel_data                    0x0004b15b   Data         769  neon_green.o(.constdata)
    USB_P_EP                                 0x0004b45c   Data          64  usbuser.o(.constdata)
    USB_DeviceDescriptor                     0x0004b49c   Data          18  usbdesc.o(.constdata)
    USB_ConfigDescriptor                     0x0004b4ae   Data         110  usbdesc.o(.constdata)
    USB_StringDescriptor                     0x0004b51c   Data         100  usbdesc.o(.constdata)
    DDAdr                                    0x0004b580   Data           8  usbhw.o(.constdata)
    DDSz                                     0x0004b588   Data           8  usbhw.o(.constdata)
    Region$$Table$$Base                      0x0004b590   Number         0  anon$$obj.o(Region$$Table)
    Region$$Table$$Limit                     0x0004b5b0   Number         0  anon$$obj.o(Region$$Table)
    SystemCoreClock                          0x10000000   Data           4  system_lpc17xx.o(.data)
    SystemFrequency                          0x10000004   Data           4  system_lpc17xx.o(.data)
    arrow                                    0x10000008   Data           4  project_fcbarcelona.o(.data)
    BACK                                     0x1000000c   Data           1  project_fcbarcelona.o(.data)
    dir                                      0x10000010   Data           4  project_fcbarcelona.o(.data)
    leveltimer                               0x10000014   Data           4  project_fcbarcelona.o(.data)
    rightedge                                0x10000018   Data           4  project_fcbarcelona.o(.data)
    leftedge                                 0x1000001c   Data           4  project_fcbarcelona.o(.data)
    selector                                 0x10000020   Data           4  project_fcbarcelona.o(.data)
    currentDir                               0x10000024   Data           4  project_fcbarcelona.o(.data)
    NEON                                     0x10000028   Data           1  project_fcbarcelona.o(.data)
    totalscore                               0x1000002c   Data           4  project_fcbarcelona.o(.data)
    levelup                                  0x10000030   Data           4  project_fcbarcelona.o(.data)
    imagenum                                 0x10000034   Data           4  project_fcbarcelona.o(.data)
    joyDirection                             0x10000038   Data           4  project_fcbarcelona.o(.data)
    score                                    0x1000003c   Data           4  project_fcbarcelona.o(.data)
    ticks                                    0x10000040   Data           4  irq.o(.data)
    ClockLEDOn                               0x10000044   Data           1  irq.o(.data)
    ClockLEDOff                              0x10000045   Data           1  irq.o(.data)
    ClockANI                                 0x10000046   Data           1  irq.o(.data)
    VolCur                                   0x1000004e   Data           2  adcuser.o(.data)
    InfoBuf                                  0x10000050   Data           4  usbdmain.o(.data)
    DataBuf                                  0x10000054   Data           4  usbdmain.o(.data)
    Mute                                     0x10000058   Data           1  usbdmain.o(.data)
    Volume                                   0x1000005c   Data           4  usbdmain.o(.data)
    DataOut                                  0x10000060   Data           2  usbdmain.o(.data)
    DataIn                                   0x10000062   Data           2  usbdmain.o(.data)
    DataRun                                  0x10000064   Data           1  usbdmain.o(.data)
    PotVal                                   0x10000066   Data           2  usbdmain.o(.data)
    VUM                                      0x10000068   Data           4  usbdmain.o(.data)
    Tick                                     0x1000006c   Data           4  usbdmain.o(.data)
    USB_DeviceStatus                         0x10000070   Data           2  usbcore.o(.data)
    USB_DeviceAddress                        0x10000072   Data           1  usbcore.o(.data)
    USB_Configuration                        0x10000073   Data           1  usbcore.o(.data)
    USB_EndPointMask                         0x10000074   Data           4  usbcore.o(.data)
    USB_EndPointHalt                         0x10000078   Data           4  usbcore.o(.data)
    USB_EndPointStall                        0x1000007c   Data           4  usbcore.o(.data)
    USB_NumInterfaces                        0x10000080   Data           1  usbcore.o(.data)
    USB_AltSetting                           0x10000081   Data           4  usbcore.o(.data)
    EP0Data                                  0x10000088   Data           8  usbcore.o(.data)
    SetupPacket                              0x10000090   Data           8  usbcore.o(.data)
    DDMemMap                                 0x10000098   Data           8  usbhw.o(.data)
    text                                     0x100000a0   Data          10  project_fcbarcelona.o(.bss)
    board                                    0x100000aa   Data         150  project_fcbarcelona.o(.bss)
    grid                                     0x10000140   Data         640  project_fcbarcelona.o(.bss)
    prev_grid                                0x100003c0   Data         640  project_fcbarcelona.o(.bss)
    EP0Buf                                   0x10000640   Data          64  usbcore.o(.bss)
    udca                                     0x10000680   Data         128  usbhw.o(.bss)
    _random_number_data                      0x10000700   Data         228  rand.o(.bss)
    __libspace_start                         0x100007e4   Data          96  libspace.o(.bss)
    __temporary_stack_top$libspace           0x10000844   Data           0  libspace.o(.bss)
    UDCA                                     0x10000a48   Data         128  usbhw.o(USB_RAM)
    DD_NISO_Mem                              0x10000ac8   Data         256  usbhw.o(USB_RAM)
    DD_ISO_Mem                               0x10000bc8   Data         160  usbhw.o(USB_RAM)



==============================================================================

Memory Map of the image

  Image Entry point : 0x000000cd

  Load Region LR_IROM1 (Base: 0x00000000, Size: 0x0004b650, Max: 0x00080000, ABSOLUTE)

    Execution Region ER_IROM1 (Base: 0x00000000, Size: 0x0004b5b0, Max: 0x00080000, ABSOLUTE)

    Base Addr    Size         Type   Attr      Idx    E Section Name        Object

    0x00000000   0x000000cc   Data   RO            3    RESET               startup_lpc17xx.o
    0x000000cc   0x00000008   Code   RO          639  * !!!main             c_w.l(__main.o)
    0x000000d4   0x00000034   Code   RO          812    !!!scatter          c_w.l(__scatter.o)
    0x00000108   0x0000001a   Code   RO          814    !!handler_copy      c_w.l(__scatter_copy.o)
    0x00000122   0x00000002   PAD
    0x00000124   0x0000001c   Code   RO          816    !!handler_zi        c_w.l(__scatter_zi.o)
    0x00000140   0x00000000   Code   RO          631    .ARM.Collect$$_printf_percent$$00000000  c_w.l(_printf_percent.o)
    0x00000140   0x00000006   Code   RO          630    .ARM.Collect$$_printf_percent$$00000009  c_w.l(_printf_d.o)
    0x00000146   0x00000004   Code   RO          652    .ARM.Collect$$_printf_percent$$00000017  c_w.l(_printf_percent_end.o)
    0x0000014a   0x00000002   Code   RO          736    .ARM.Collect$$libinit$$00000000  c_w.l(libinit.o)
    0x0000014c   0x00000000   Code   RO          654    .ARM.Collect$$libinit$$00000002  c_w.l(libinit2.o)
    0x0000014c   0x00000000   Code   RO          657    .ARM.Collect$$libinit$$00000008  c_w.l(libinit2.o)
    0x0000014c   0x00000000   Code   RO          659    .ARM.Collect$$libinit$$0000000A  c_w.l(libinit2.o)
    0x0000014c   0x00000004   Code   RO          660    .ARM.Collect$$libinit$$0000000B  c_w.l(libinit2.o)
    0x00000150   0x00000000   Code   RO          661    .ARM.Collect$$libinit$$0000000C  c_w.l(libinit2.o)
    0x00000150   0x00000000   Code   RO          664    .ARM.Collect$$libinit$$0000000F  c_w.l(libinit2.o)
    0x00000150   0x00000000   Code   RO          666    .ARM.Collect$$libinit$$00000011  c_w.l(libinit2.o)
    0x00000150   0x00000000   Code   RO          668    .ARM.Collect$$libinit$$00000013  c_w.l(libinit2.o)
    0x00000150   0x00000000   Code   RO          670    .ARM.Collect$$libinit$$00000015  c_w.l(libinit2.o)
    0x00000150   0x00000000   Code   RO          672    .ARM.Collect$$libinit$$00000017  c_w.l(libinit2.o)
    0x00000150   0x00000000   Code   RO          674    .ARM.Collect$$libinit$$00000019  c_w.l(libinit2.o)
    0x00000150   0x00000000   Code   RO          676    .ARM.Collect$$libinit$$0000001B  c_w.l(libinit2.o)
    0x00000150   0x00000000   Code   RO          678    .ARM.Collect$$libinit$$0000001D  c_w.l(libinit2.o)
    0x00000150   0x00000000   Code   RO          680    .ARM.Collect$$libinit$$0000001F  c_w.l(libinit2.o)
    0x00000150   0x00000000   Code   RO          682    .ARM.Collect$$libinit$$00000021  c_w.l(libinit2.o)
    0x00000150   0x00000000   Code   RO          684    .ARM.Collect$$libinit$$00000023  c_w.l(libinit2.o)
    0x00000150   0x00000000   Code   RO          688    .ARM.Collect$$libinit$$0000002A  c_w.l(libinit2.o)
    0x00000150   0x00000000   Code   RO          690    .ARM.Collect$$libinit$$0000002C  c_w.l(libinit2.o)
    0x00000150   0x00000000   Code   RO          692    .ARM.Collect$$libinit$$0000002E  c_w.l(libinit2.o)
    0x00000150   0x00000000   Code   RO          694    .ARM.Collect$$libinit$$00000030  c_w.l(libinit2.o)
    0x00000150   0x00000002   Code   RO          695    .ARM.Collect$$libinit$$00000031  c_w.l(libinit2.o)
    0x00000152   0x00000002   Code   RO          780    .ARM.Collect$$libshutdown$$00000000  c_w.l(libshutdown.o)
    0x00000154   0x00000000   Code   RO          797    .ARM.Collect$$libshutdown$$00000003  c_w.l(libshutdown2.o)
    0x00000154   0x00000000   Code   RO          800    .ARM.Collect$$libshutdown$$00000006  c_w.l(libshutdown2.o)
    0x00000154   0x00000000   Code   RO          803    .ARM.Collect$$libshutdown$$00000009  c_w.l(libshutdown2.o)
    0x00000154   0x00000000   Code   RO          805    .ARM.Collect$$libshutdown$$0000000B  c_w.l(libshutdown2.o)
    0x00000154   0x00000000   Code   RO          808    .ARM.Collect$$libshutdown$$0000000E  c_w.l(libshutdown2.o)
    0x00000154   0x00000002   Code   RO          809    .ARM.Collect$$libshutdown$$0000000F  c_w.l(libshutdown2.o)
    0x00000156   0x00000000   Code   RO          641    .ARM.Collect$$rtentry$$00000000  c_w.l(rtentry.o)
    0x00000156   0x00000000   Code   RO          697    .ARM.Collect$$rtentry$$00000002  c_w.l(rtentry2.o)
    0x00000156   0x00000006   Code   RO          709    .ARM.Collect$$rtentry$$00000004  c_w.l(rtentry4.o)
    0x0000015c   0x00000000   Code   RO          699    .ARM.Collect$$rtentry$$00000009  c_w.l(rtentry2.o)
    0x0000015c   0x00000004   Code   RO          700    .ARM.Collect$$rtentry$$0000000A  c_w.l(rtentry2.o)
    0x00000160   0x00000000   Code   RO          702    .ARM.Collect$$rtentry$$0000000C  c_w.l(rtentry2.o)
    0x00000160   0x00000008   Code   RO          703    .ARM.Collect$$rtentry$$0000000D  c_w.l(rtentry2.o)
    0x00000168   0x00000002   Code   RO          742    .ARM.Collect$$rtexit$$00000000  c_w.l(rtexit.o)
    0x0000016a   0x00000000   Code   RO          762    .ARM.Collect$$rtexit$$00000002  c_w.l(rtexit2.o)
    0x0000016a   0x00000004   Code   RO          763    .ARM.Collect$$rtexit$$00000003  c_w.l(rtexit2.o)
    0x0000016e   0x00000006   Code   RO          764    .ARM.Collect$$rtexit$$00000004  c_w.l(rtexit2.o)
    0x00000174   0x00000034   Code   RO          632    .emb_text           c_w.l(rand.o)
    0x000001a8   0x0000003c   Code   RO            5    .text               startup_lpc17xx.o
    0x000001e4   0x0000007c   Code   RO          146    .text               irq.o
    0x00000260   0x00000060   Code   RO          227    .text               kbd.o
    0x000002c0   0x00000028   Code   RO          604    .text               c_w.l(noretval__2sprintf.o)
    0x000002e8   0x00000006   Code   RO          637    .text               c_w.l(heapauxi.o)
    0x000002ee   0x0000000a   Code   RO          650    .text               c_w.l(_sputc.o)
    0x000002f8   0x00000002   Code   RO          758    .text               c_w.l(use_no_semi.o)
    0x000002fa   0x00000000   Code   RO          760    .text               c_w.l(indicate_semi.o)
    0x000002fa   0x00000002   PAD
    0x000002fc   0x00000004   Code   RO            4    .ARM.__at_0x02FC    startup_lpc17xx.o
    0x00000300   0x00000460   Code   RO           15    .text               system_lpc17xx.o
    0x00000760   0x000016d4   Code   RO           68    .text               project_fcbarcelona.o
    0x00001e34   0x00000ba4   Code   RO          160    .text               glcd_spi_lpc1700.o
    0x000029d8   0x000000ac   Code   RO          197    .text               led.o
    0x00002a84   0x000000e8   Code   RO          411    .text               adcuser.o
    0x00002b6c   0x000001f8   Code   RO          439    .text               usbdmain.o
    0x00002d64   0x000000e0   Code   RO          469    .text               usbuser.o
    0x00002e44   0x000003dc   Code   RO          487    .text               usbcore.o
    0x00003220   0x00000558   Code   RO          567    .text               usbhw.o
    0x00003778   0x000000ee   Code   RO          600    .text               c_w.l(lludivv7m.o)
    0x00003866   0x00000068   Code   RO          606    .text               c_w.l(__printf.o)
    0x000038ce   0x00000002   PAD
    0x000038d0   0x00000078   Code   RO          608    .text               c_w.l(_printf_dec.o)
    0x00003948   0x0000003c   Code   RO          633    .text               c_w.l(rand.o)
    0x00003984   0x000000b8   Code   RO          646    .text               c_w.l(_printf_intcommon.o)
    0x00003a3c   0x00000030   Code   RO          648    .text               c_w.l(_printf_char_common.o)
    0x00003a6c   0x0000004a   Code   RO          719    .text               c_w.l(sys_stackheap_outer.o)
    0x00003ab6   0x0000000c   Code   RO          721    .text               c_w.l(exit.o)
    0x00003ac2   0x00000002   PAD
    0x00003ac4   0x00000008   Code   RO          739    .text               c_w.l(libspace.o)
    0x00003acc   0x0000000c   Code   RO          756    .text               c_w.l(sys_exit.o)
    0x00003ad8   0x000000b8   Code   RO          512    i.USB_ReqGetDescriptor  usbcore.o
    0x00003b90   0x000000c0   Code   RO          500    i.USB_ReqGetStatus  usbcore.o
    0x00003c50   0x000000ec   Code   RO          506    i.USB_ReqSetClrFeature  usbcore.o
    0x00003d3c   0x000001ac   Code   RO          518    i.USB_ReqSetConfiguration  usbcore.o
    0x00003ee8   0x00000128   Code   RO          524    i.USB_ReqSetInterface  usbcore.o
    0x00004010   0x00001880   Data   RO          161    .constdata          glcd_spi_lpc1700.o
    0x00005890   0x00000020   Data   RO          198    .constdata          led.o
    0x000058b0   0x00038401   Data   RO          258    .constdata          image0.o
    0x0003dcb1   0x00000301   Data   RO          294    .constdata          neon_blue.o
    0x0003dfb2   0x00000301   Data   RO          303    .constdata          neon_red.o
    0x0003e2b3   0x00000301   Data   RO          312    .constdata          neon_yellow.o
    0x0003e5b4   0x00000301   Data   RO          321    .constdata          yellow_block.o
    0x0003e8b5   0x00000301   Data   RO          330    .constdata          blue_block.o
    0x0003ebb6   0x00000301   Data   RO          339    .constdata          red_block.o
    0x0003eeb7   0x00000301   Data   RO          348    .constdata          green_block.o
    0x0003f1b8   0x00000301   Data   RO          357    .constdata          block_white.o
    0x0003f4b9   0x00000301   Data   RO          384    .constdata          back_grey.o
    0x0003f7ba   0x0000b9a1   Data   RO          393    .constdata          tetrislogo.o
    0x0004b15b   0x00000301   Data   RO          402    .constdata          neon_green.o
    0x0004b45c   0x00000040   Data   RO          470    .constdata          usbuser.o
    0x0004b49c   0x000000e4   Data   RO          553    .constdata          usbdesc.o
    0x0004b580   0x00000010   Data   RO          569    .constdata          usbhw.o
    0x0004b590   0x00000020   Data   RO          810    Region$$Table       anon$$obj.o


    Execution Region RW_IRAM1 (Base: 0x10000000, Size: 0x00000c68, Max: 0x00008000, ABSOLUTE)

    Base Addr    Size         Type   Attr      Idx    E Section Name        Object

    0x10000000   0x00000008   Data   RW           16    .data               system_lpc17xx.o
    0x10000008   0x00000038   Data   RW           70    .data               project_fcbarcelona.o
    0x10000040   0x00000007   Data   RW          147    .data               irq.o
    0x10000047   0x00000001   PAD
    0x10000048   0x00000005   Data   RW          162    .data               glcd_spi_lpc1700.o
    0x1000004d   0x00000001   PAD
    0x1000004e   0x00000002   Data   RW          413    .data               adcuser.o
    0x10000050   0x00000020   Data   RW          440    .data               usbdmain.o
    0x10000070   0x00000028   Data   RW          489    .data               usbcore.o
    0x10000098   0x00000008   Data   RW          570    .data               usbhw.o
    0x100000a0   0x000005a0   Zero   RW           69    .bss                project_fcbarcelona.o
    0x10000640   0x00000040   Zero   RW          488    .bss                usbcore.o
    0x10000680   0x00000080   Zero   RW          568    .bss                usbhw.o
    0x10000700   0x000000e4   Zero   RW          634    .bss                c_w.l(rand.o)
    0x100007e4   0x00000060   Zero   RW          740    .bss                c_w.l(libspace.o)
    0x10000844   0x00000004   PAD
    0x10000848   0x00000000   Zero   RW            2    HEAP                startup_lpc17xx.o
    0x10000848   0x00000200   Zero   RW            1    STACK               startup_lpc17xx.o
    0x10000a48   0x00000220   Zero   RW          571    USB_RAM             usbhw.o


==============================================================================

Image component sizes


      Code (inc. data)   RO Data    RW Data    ZI Data      Debug   Object Name

       232         16          0          2          0       1536   adcuser.o
         0          0        769          0          0        531   back_grey.o
         0          0        769          0          0        553   block_white.o
         0          0        769          0          0        536   blue_block.o
      2980         62       6272          5          0       8812   glcd_spi_lpc1700.o
         0          0        769          0          0        553   green_block.o
         0          0     230401          0          0        500   image0.o
       124         16          0          7          0        682   irq.o
        96         22          0          0          0        726   kbd.o
       172         16         32          0          0       1297   led.o
         0          0        769          0          0        531   neon_blue.o
         0          0        769          0          0        536   neon_green.o
         0          0        769          0          0        522   neon_red.o
         0          0        769          0          0        553   neon_yellow.o
      5844        518          0         56       1440      37903   project_fcbarcelona.o
         0          0        769          0          0        531   red_block.o
        64         26        204          0        512        896   startup_lpc17xx.o
      1120         90          0          8          0      22007   system_lpc17xx.o
         0          0      47521          0          0        540   tetrislogo.o
      2324        208          0         40         64       7831   usbcore.o
         0          0        228          0          0        573   usbdesc.o
       504         64          0         32          0      25640   usbdmain.o
      1368        112         16          8        672      31222   usbhw.o
       224         22         64          0          0       3135   usbuser.o
         0          0        769          0          0        562   yellow_block.o

    ----------------------------------------------------------------------
     15052       1172     292460        160       2688     148708   Object Totals
         0          0         32          0          0          0   (incl. Generated)
         0          0          0          2          0          0   (incl. Padding)

    ----------------------------------------------------------------------

      Code (inc. data)   RO Data    RW Data    ZI Data      Debug   Library Member Name

         8          0          0          0          0         68   __main.o
       104          0          0          0          0         84   __printf.o
        52          8          0          0          0          0   __scatter.o
        26          0          0          0          0          0   __scatter_copy.o
        28          0          0          0          0          0   __scatter_zi.o
        48          6          0          0          0         96   _printf_char_common.o
         6          0          0          0          0          0   _printf_d.o
       120         18          0          0          0         92   _printf_dec.o
       184          0          0          0          0         88   _printf_intcommon.o
         0          0          0          0          0          0   _printf_percent.o
         4          0          0          0          0          0   _printf_percent_end.o
        10          0          0          0          0         68   _sputc.o
        12          0          0          0          0         72   exit.o
         6          0          0          0          0        152   heapauxi.o
         0          0          0          0          0          0   indicate_semi.o
         2          0          0          0          0          0   libinit.o
         6          0          0          0          0          0   libinit2.o
         2          0          0          0          0          0   libshutdown.o
         2          0          0          0          0          0   libshutdown2.o
         8          4          0          0         96         68   libspace.o
       238          0          0          0          0        100   lludivv7m.o
        40          6          0          0          0         84   noretval__2sprintf.o
       112         18          0          0        228        160   rand.o
         0          0          0          0          0          0   rtentry.o
        12          0          0          0          0          0   rtentry2.o
         6          0          0          0          0          0   rtentry4.o
         2          0          0          0          0          0   rtexit.o
        10          0          0          0          0          0   rtexit2.o
        12          4          0          0          0         68   sys_exit.o
        74          0          0          0          0         80   sys_stackheap_outer.o
         2          0          0          0          0         68   use_no_semi.o

    ----------------------------------------------------------------------
      1144         64          0          0        328       1348   Library Totals
         8          0          0          0          4          0   (incl. Padding)

    ----------------------------------------------------------------------

      Code (inc. data)   RO Data    RW Data    ZI Data      Debug   Library Name

      1136         64          0          0        324       1348   c_w.l

    ----------------------------------------------------------------------
      1144         64          0          0        328       1348   Library Totals

    ----------------------------------------------------------------------

==============================================================================


      Code (inc. data)   RO Data    RW Data    ZI Data      Debug   

     16196       1236     292460        160       3016     147872   Grand Totals
     16196       1236     292460        160       3016     147872   ELF Image Totals
     16196       1236     292460        160          0          0   ROM Totals

==============================================================================

    Total RO  Size (Code + RO Data)               308656 ( 301.42kB)
    Total RW  Size (RW Data + ZI Data)              3176 (   3.10kB)
    Total ROM Size (Code + RO Data + RW Data)     308816 ( 301.58kB)

==============================================================================

